Archive member included to satisfy reference by file (symbol)

c:/ac6/systemworkbench/plugins/fr.ac6.mcu.externaltools.arm-none.win32_1.17.0.201812190825/tools/compiler/bin/../lib/gcc/arm-none-eabi/7.3.1/thumb/v7e-m/fpv4-sp/hard\libgcc.a(_aeabi_uldivmod.o)
                              Drivers/STM32F4xx_HAL_Driver/Src/stm32f4xx_hal_rcc.o (__aeabi_uldivmod)
c:/ac6/systemworkbench/plugins/fr.ac6.mcu.externaltools.arm-none.win32_1.17.0.201812190825/tools/compiler/bin/../lib/gcc/arm-none-eabi/7.3.1/thumb/v7e-m/fpv4-sp/hard\libgcc.a(_udivmoddi4.o)
                              c:/ac6/systemworkbench/plugins/fr.ac6.mcu.externaltools.arm-none.win32_1.17.0.201812190825/tools/compiler/bin/../lib/gcc/arm-none-eabi/7.3.1/thumb/v7e-m/fpv4-sp/hard\libgcc.a(_aeabi_uldivmod.o) (__udivmoddi4)
c:/ac6/systemworkbench/plugins/fr.ac6.mcu.externaltools.arm-none.win32_1.17.0.201812190825/tools/compiler/bin/../lib/gcc/arm-none-eabi/7.3.1/thumb/v7e-m/fpv4-sp/hard\libgcc.a(_dvmd_tls.o)
                              c:/ac6/systemworkbench/plugins/fr.ac6.mcu.externaltools.arm-none.win32_1.17.0.201812190825/tools/compiler/bin/../lib/gcc/arm-none-eabi/7.3.1/thumb/v7e-m/fpv4-sp/hard\libgcc.a(_aeabi_uldivmod.o) (__aeabi_ldiv0)
c:/ac6/systemworkbench/plugins/fr.ac6.mcu.externaltools.arm-none.win32_1.17.0.201812190825/tools/compiler/bin/../lib/gcc/arm-none-eabi/7.3.1/../../../../arm-none-eabi/lib/thumb/v7e-m/fpv4-sp/hard\libc_nano.a(lib_a-errno.o)
                              Core/Src/syscalls.o (__errno)
c:/ac6/systemworkbench/plugins/fr.ac6.mcu.externaltools.arm-none.win32_1.17.0.201812190825/tools/compiler/bin/../lib/gcc/arm-none-eabi/7.3.1/../../../../arm-none-eabi/lib/thumb/v7e-m/fpv4-sp/hard\libc_nano.a(lib_a-exit.o)
                              c:/ac6/systemworkbench/plugins/fr.ac6.mcu.externaltools.arm-none.win32_1.17.0.201812190825/tools/compiler/bin/../lib/gcc/arm-none-eabi/7.3.1/../../../../arm-none-eabi/lib/thumb/v7e-m/fpv4-sp/hard/crt0.o (exit)
c:/ac6/systemworkbench/plugins/fr.ac6.mcu.externaltools.arm-none.win32_1.17.0.201812190825/tools/compiler/bin/../lib/gcc/arm-none-eabi/7.3.1/../../../../arm-none-eabi/lib/thumb/v7e-m/fpv4-sp/hard\libc_nano.a(lib_a-impure.o)
                              c:/ac6/systemworkbench/plugins/fr.ac6.mcu.externaltools.arm-none.win32_1.17.0.201812190825/tools/compiler/bin/../lib/gcc/arm-none-eabi/7.3.1/../../../../arm-none-eabi/lib/thumb/v7e-m/fpv4-sp/hard\libc_nano.a(lib_a-exit.o) (_global_impure_ptr)
c:/ac6/systemworkbench/plugins/fr.ac6.mcu.externaltools.arm-none.win32_1.17.0.201812190825/tools/compiler/bin/../lib/gcc/arm-none-eabi/7.3.1/../../../../arm-none-eabi/lib/thumb/v7e-m/fpv4-sp/hard\libc_nano.a(lib_a-init.o)
                              c:/ac6/systemworkbench/plugins/fr.ac6.mcu.externaltools.arm-none.win32_1.17.0.201812190825/tools/compiler/bin/../lib/gcc/arm-none-eabi/7.3.1/../../../../arm-none-eabi/lib/thumb/v7e-m/fpv4-sp/hard/crt0.o (__libc_init_array)
c:/ac6/systemworkbench/plugins/fr.ac6.mcu.externaltools.arm-none.win32_1.17.0.201812190825/tools/compiler/bin/../lib/gcc/arm-none-eabi/7.3.1/../../../../arm-none-eabi/lib/thumb/v7e-m/fpv4-sp/hard\libc_nano.a(lib_a-memset.o)
                              c:/ac6/systemworkbench/plugins/fr.ac6.mcu.externaltools.arm-none.win32_1.17.0.201812190825/tools/compiler/bin/../lib/gcc/arm-none-eabi/7.3.1/../../../../arm-none-eabi/lib/thumb/v7e-m/fpv4-sp/hard/crt0.o (memset)

Allocating common symbols
Common symbol       size              file

uwTick              0x4               Drivers/STM32F4xx_HAL_Driver/Src/stm32f4xx_hal.o
pFlash              0x20              Drivers/STM32F4xx_HAL_Driver/Src/stm32f4xx_hal_flash.o
huart2              0x44              Core/Src/main.o

Discarded input sections

 .text          0x00000000        0x0 c:/ac6/systemworkbench/plugins/fr.ac6.mcu.externaltools.arm-none.win32_1.17.0.201812190825/tools/compiler/bin/../lib/gcc/arm-none-eabi/7.3.1/thumb/v7e-m/fpv4-sp/hard/crti.o
 .data          0x00000000        0x0 c:/ac6/systemworkbench/plugins/fr.ac6.mcu.externaltools.arm-none.win32_1.17.0.201812190825/tools/compiler/bin/../lib/gcc/arm-none-eabi/7.3.1/thumb/v7e-m/fpv4-sp/hard/crti.o
 .bss           0x00000000        0x0 c:/ac6/systemworkbench/plugins/fr.ac6.mcu.externaltools.arm-none.win32_1.17.0.201812190825/tools/compiler/bin/../lib/gcc/arm-none-eabi/7.3.1/thumb/v7e-m/fpv4-sp/hard/crti.o
 .data          0x00000000        0x4 c:/ac6/systemworkbench/plugins/fr.ac6.mcu.externaltools.arm-none.win32_1.17.0.201812190825/tools/compiler/bin/../lib/gcc/arm-none-eabi/7.3.1/thumb/v7e-m/fpv4-sp/hard/crtbegin.o
 .text          0x00000000       0x74 c:/ac6/systemworkbench/plugins/fr.ac6.mcu.externaltools.arm-none.win32_1.17.0.201812190825/tools/compiler/bin/../lib/gcc/arm-none-eabi/7.3.1/../../../../arm-none-eabi/lib/thumb/v7e-m/fpv4-sp/hard/crt0.o
[...]
Memory Configuration

Name             Origin             Length             Attributes
RAM              0x20000000         0x00020000         xrw
CCMRAM           0x10000000         0x00010000         xrw
FLASH            0x08008000         0x00100000         xr
*default*        0x00000000         0xffffffff

Linker script and memory map

LOAD c:/ac6/systemworkbench/plugins/fr.ac6.mcu.externaltools.arm-none.win32_1.17.0.201812190825/tools/compiler/bin/../lib/gcc/arm-none-eabi/7.3.1/thumb/v7e-m/fpv4-sp/hard/crti.o
LOAD c:/ac6/systemworkbench/plugins/fr.ac6.mcu.externaltools.arm-none.win32_1.17.0.201812190825/tools/compiler/bin/../lib/gcc/arm-none-eabi/7.3.1/thumb/v7e-m/fpv4-sp/hard/crtbegin.o
LOAD c:/ac6/systemworkbench/plugins/fr.ac6.mcu.externaltools.arm-none.win32_1.17.0.201812190825/tools/compiler/bin/../lib/gcc/arm-none-eabi/7.3.1/../../../../arm-none-eabi/lib/thumb/v7e-m/fpv4-sp/hard/crt0.o
LOAD Core/Src/main.o
LOAD Core/Src/stm32f4xx_hal_msp.o
LOAD Core/Src/stm32f4xx_it.o
LOAD Core/Src/syscalls.o
LOAD Core/Src/system_stm32f4xx.o
LOAD Drivers/STM32F4xx_HAL_Driver/Src/stm32f4xx_hal.o
LOAD Drivers/STM32F4xx_HAL_Driver/Src/stm32f4xx_hal_cortex.o
LOAD Drivers/STM32F4xx_HAL_Driver/Src/stm32f4xx_hal_dma.o
LOAD Drivers/STM32F4xx_HAL_Driver/Src/stm32f4xx_hal_dma_ex.o
LOAD Drivers/STM32F4xx_HAL_Driver/Src/stm32f4xx_hal_exti.o
LOAD Drivers/STM32F4xx_HAL_Driver/Src/stm32f4xx_hal_flash.o
LOAD Drivers/STM32F4xx_HAL_Driver/Src/stm32f4xx_hal_flash_ex.o
LOAD Drivers/STM32F4xx_HAL_Driver/Src/stm32f4xx_hal_flash_ramfunc.o
LOAD Drivers/STM32F4xx_HAL_Driver/Src/stm32f4xx_hal_gpio.o
LOAD Drivers/STM32F4xx_HAL_Driver/Src/stm32f4xx_hal_pwr.o
LOAD Drivers/STM32F4xx_HAL_Driver/Src/stm32f4xx_hal_pwr_ex.o
LOAD Drivers/STM32F4xx_HAL_Driver/Src/stm32f4xx_hal_rcc.o
LOAD Drivers/STM32F4xx_HAL_Driver/Src/stm32f4xx_hal_rcc_ex.o
LOAD Drivers/STM32F4xx_HAL_Driver/Src/stm32f4xx_hal_tim.o
LOAD Drivers/STM32F4xx_HAL_Driver/Src/stm32f4xx_hal_tim_ex.o
LOAD Drivers/STM32F4xx_HAL_Driver/Src/stm32f4xx_hal_uart.o
LOAD startup/startup_stm32f407xx.o
LOAD c:/ac6/systemworkbench/plugins/fr.ac6.mcu.externaltools.arm-none.win32_1.17.0.201812190825/tools/compiler/bin/../lib/gcc/arm-none-eabi/7.3.1/../../../../arm-none-eabi/lib/thumb/v7e-m/fpv4-sp/hard\libm.a
START GROUP
LOAD c:/ac6/systemworkbench/plugins/fr.ac6.mcu.externaltools.arm-none.win32_1.17.0.201812190825/tools/compiler/bin/../lib/gcc/arm-none-eabi/7.3.1/thumb/v7e-m/fpv4-sp/hard\libgcc.a
LOAD c:/ac6/systemworkbench/plugins/fr.ac6.mcu.externaltools.arm-none.win32_1.17.0.201812190825/tools/compiler/bin/../lib/gcc/arm-none-eabi/7.3.1/../../../../arm-none-eabi/lib/thumb/v7e-m/fpv4-sp/hard\libc_nano.a
END GROUP
START GROUP
LOAD c:/ac6/systemworkbench/plugins/fr.ac6.mcu.externaltools.arm-none.win32_1.17.0.201812190825/tools/compiler/bin/../lib/gcc/arm-none-eabi/7.3.1/thumb/v7e-m/fpv4-sp/hard\libgcc.a
LOAD c:/ac6/systemworkbench/plugins/fr.ac6.mcu.externaltools.arm-none.win32_1.17.0.201812190825/tools/compiler/bin/../lib/gcc/arm-none-eabi/7.3.1/../../../../arm-none-eabi/lib/thumb/v7e-m/fpv4-sp/hard\libc_nano.a
LOAD c:/ac6/systemworkbench/plugins/fr.ac6.mcu.externaltools.arm-none.win32_1.17.0.201812190825/tools/compiler/bin/../lib/gcc/arm-none-eabi/7.3.1/../../../../arm-none-eabi/lib/thumb/v7e-m/fpv4-sp/hard\libnosys.a
END GROUP
START GROUP
LOAD c:/ac6/systemworkbench/plugins/fr.ac6.mcu.externaltools.arm-none.win32_1.17.0.201812190825/tools/compiler/bin/../lib/gcc/arm-none-eabi/7.3.1/thumb/v7e-m/fpv4-sp/hard\libgcc.a
LOAD c:/ac6/systemworkbench/plugins/fr.ac6.mcu.externaltools.arm-none.win32_1.17.0.201812190825/tools/compiler/bin/../lib/gcc/arm-none-eabi/7.3.1/../../../../arm-none-eabi/lib/thumb/v7e-m/fpv4-sp/hard\libc_nano.a
LOAD c:/ac6/systemworkbench/plugins/fr.ac6.mcu.externaltools.arm-none.win32_1.17.0.201812190825/tools/compiler/bin/../lib/gcc/arm-none-eabi/7.3.1/../../../../arm-none-eabi/lib/thumb/v7e-m/fpv4-sp/hard\libnosys.a
END GROUP
LOAD c:/ac6/systemworkbench/plugins/fr.ac6.mcu.externaltools.arm-none.win32_1.17.0.201812190825/tools/compiler/bin/../lib/gcc/arm-none-eabi/7.3.1/thumb/v7e-m/fpv4-sp/hard/crtend.o
LOAD c:/ac6/systemworkbench/plugins/fr.ac6.mcu.externaltools.arm-none.win32_1.17.0.201812190825/tools/compiler/bin/../lib/gcc/arm-none-eabi/7.3.1/thumb/v7e-m/fpv4-sp/hard/crtn.o
                0x20020000                _estack = 0x20020000
                0x00000200                _Min_Heap_Size = 0x200
                0x00000400                _Min_Stack_Size = 0x400

.isr_vector     0x08008000      0x188
                0x08008000                . = ALIGN (0x4)
 *(.isr_vector)
 .isr_vector    0x08008000      0x188 startup/startup_stm32f407xx.o
                0x08008000                g_pfnVectors
                0x08008188                . = ALIGN (0x4)

.text           0x08008188     0x11f8
                0x08008188                . = ALIGN (0x4)
 *(.text)
 .text          0x08008188       0x40 c:/ac6/systemworkbench/plugins/fr.ac6.mcu.externaltools.arm-none.win32_1.17.0.201812190825/tools/compiler/bin/../lib/gcc/arm-none-eabi/7.3.1/thumb/v7e-m/fpv4-sp/hard/crtbegin.o
 .text          0x080081c8       0x30 c:/ac6/systemworkbench/plugins/fr.ac6.mcu.externaltools.arm-none.win32_1.17.0.201812190825/tools/compiler/bin/../lib/gcc/arm-none-eabi/7.3.1/thumb/v7e-m/fpv4-sp/hard\libgcc.a(_aeabi_uldivmod.o)
                0x080081c8                __aeabi_uldivmod
 .text          0x080081f8      0x2cc c:/ac6/systemworkbench/plugins/fr.ac6.mcu.externaltools.arm-none.win32_1.17.0.201812190825/tools/compiler/bin/../lib/gcc/arm-none-eabi/7.3.1/thumb/v7e-m/fpv4-sp/hard\libgcc.a(_udivmoddi4.o)
                0x080081f8                __udivmoddi4
 .text          0x080084c4        0x4 c:/ac6/systemworkbench/plugins/fr.ac6.mcu.externaltools.arm-none.win32_1.17.0.201812190825/tools/compiler/bin/../lib/gcc/arm-none-eabi/7.3.1/thumb/v7e-m/fpv4-sp/hard\libgcc.a(_dvmd_tls.o)
                0x080084c4                __aeabi_idiv0
                0x080084c4                __aeabi_ldiv0
 *(.text*)
 .text.MX_GPIO_Init
                0x080084c8       0x90 Core/Src/main.o
 .text.Error_Handler
                0x08008558        0x4 Core/Src/main.o
                0x08008558                Error_Handler
 .text.MX_USART2_UART_Init
                0x0800855c       0x34 Core/Src/main.o
 .text.SystemClock_Config
                0x08008590       0xa4 Core/Src/main.o
                0x08008590                SystemClock_Config
 .text.main     0x08008634       0x14 Core/Src/main.o
                0x08008634                main
 .text.HAL_MspInit
                0x08008648       0x40 Core/Src/stm32f4xx_hal_msp.o
                0x08008648                HAL_MspInit
 .text.HAL_UART_MspInit
                0x08008688       0x70 Core/Src/stm32f4xx_hal_msp.o
                0x08008688                HAL_UART_MspInit
 .text.NMI_Handler
                0x080086f8        0x2 Core/Src/stm32f4xx_it.o
                0x080086f8                NMI_Handler
 .text.HardFault_Handler
                0x080086fa        0x2 Core/Src/stm32f4xx_it.o
                0x080086fa                HardFault_Handler
 .text.MemManage_Handler
                0x080086fc        0x2 Core/Src/stm32f4xx_it.o
                0x080086fc                MemManage_Handler
 .text.BusFault_Handler
                0x080086fe        0x2 Core/Src/stm32f4xx_it.o
                0x080086fe                BusFault_Handler
 .text.UsageFault_Handler
                0x08008700        0x2 Core/Src/stm32f4xx_it.o
                0x08008700                UsageFault_Handler
 .text.SVC_Handler
                0x08008702        0x2 Core/Src/stm32f4xx_it.o
                0x08008702                SVC_Handler
 .text.DebugMon_Handler
                0x08008704        0x2 Core/Src/stm32f4xx_it.o
                0x08008704                DebugMon_Handler
 .text.PendSV_Handler
                0x08008706        0x2 Core/Src/stm32f4xx_it.o
                0x08008706                PendSV_Handler
 .text.SysTick_Handler
                0x08008708        0x8 Core/Src/stm32f4xx_it.o
                0x08008708                SysTick_Handler
 .text.EXTI0_IRQHandler
                0x08008710        0xa Core/Src/stm32f4xx_it.o
                0x08008710                EXTI0_IRQHandler
 *fill*         0x0800871a        0x2 
 .text.SystemInit
                0x0800871c       0x1c Core/Src/system_stm32f4xx.o
                0x0800871c                SystemInit
 .text.HAL_InitTick
                0x08008738       0x48 Drivers/STM32F4xx_HAL_Driver/Src/stm32f4xx_hal.o
                0x08008738                HAL_InitTick
 .text.HAL_Init
                0x08008780       0x34 Drivers/STM32F4xx_HAL_Driver/Src/stm32f4xx_hal.o
                0x08008780                HAL_Init
 .text.HAL_IncTick
                0x080087b4       0x18 Drivers/STM32F4xx_HAL_Driver/Src/stm32f4xx_hal.o
                0x080087b4                HAL_IncTick
 .text.HAL_GetTick
                0x080087cc        0xc Drivers/STM32F4xx_HAL_Driver/Src/stm32f4xx_hal.o
                0x080087cc                HAL_GetTick
 .text.HAL_NVIC_SetPriorityGrouping
                0x080087d8       0x24 Drivers/STM32F4xx_HAL_Driver/Src/stm32f4xx_hal_cortex.o
                0x080087d8                HAL_NVIC_SetPriorityGrouping
 .text.HAL_NVIC_SetPriority
                0x080087fc       0x68 Drivers/STM32F4xx_HAL_Driver/Src/stm32f4xx_hal_cortex.o
                0x080087fc                HAL_NVIC_SetPriority
 .text.HAL_NVIC_EnableIRQ
                0x08008864       0x1c Drivers/STM32F4xx_HAL_Driver/Src/stm32f4xx_hal_cortex.o
                0x08008864                HAL_NVIC_EnableIRQ
 .text.HAL_SYSTICK_Config
                0x08008880       0x2c Drivers/STM32F4xx_HAL_Driver/Src/stm32f4xx_hal_cortex.o
                0x08008880                HAL_SYSTICK_Config
 .text.HAL_GPIO_Init
                0x080088ac      0x1d4 Drivers/STM32F4xx_HAL_Driver/Src/stm32f4xx_hal_gpio.o
                0x080088ac                HAL_GPIO_Init
 .text.HAL_GPIO_WritePin
                0x08008a80        0xc Drivers/STM32F4xx_HAL_Driver/Src/stm32f4xx_hal_gpio.o
                0x08008a80                HAL_GPIO_WritePin
 .text.HAL_GPIO_EXTI_Callback
                0x08008a8c        0x2 Drivers/STM32F4xx_HAL_Driver/Src/stm32f4xx_hal_gpio.o
                0x08008a8c                HAL_GPIO_EXTI_Callback
 *fill*         0x08008a8e        0x2 
 .text.HAL_GPIO_EXTI_IRQHandler
                0x08008a90       0x1c Drivers/STM32F4xx_HAL_Driver/Src/stm32f4xx_hal_gpio.o
                0x08008a90                HAL_GPIO_EXTI_IRQHandler
 .text.HAL_RCC_OscConfig
                0x08008aac      0x3f8 Drivers/STM32F4xx_HAL_Driver/Src/stm32f4xx_hal_rcc.o
                0x08008aac                HAL_RCC_OscConfig
 .text.HAL_RCC_GetSysClockFreq
                0x08008ea4       0xd8 Drivers/STM32F4xx_HAL_Driver/Src/stm32f4xx_hal_rcc.o
                0x08008ea4                HAL_RCC_GetSysClockFreq
 .text.HAL_RCC_ClockConfig
                0x08008f7c      0x160 Drivers/STM32F4xx_HAL_Driver/Src/stm32f4xx_hal_rcc.o
                0x08008f7c                HAL_RCC_ClockConfig
 .text.HAL_RCC_GetHCLKFreq
                0x080090dc        0xc Drivers/STM32F4xx_HAL_Driver/Src/stm32f4xx_hal_rcc.o
                0x080090dc                HAL_RCC_GetHCLKFreq
 .text.HAL_RCC_GetPCLK1Freq
                0x080090e8       0x20 Drivers/STM32F4xx_HAL_Driver/Src/stm32f4xx_hal_rcc.o
                0x080090e8                HAL_RCC_GetPCLK1Freq
 .text.HAL_RCC_GetPCLK2Freq
                0x08009108       0x20 Drivers/STM32F4xx_HAL_Driver/Src/stm32f4xx_hal_rcc.o
                0x08009108                HAL_RCC_GetPCLK2Freq
 .text.UART_SetConfig
                0x08009128      0x134 Drivers/STM32F4xx_HAL_Driver/Src/stm32f4xx_hal_uart.o
 .text.HAL_UART_Init
                0x0800925c       0x5e Drivers/STM32F4xx_HAL_Driver/Src/stm32f4xx_hal_uart.o
                0x0800925c                HAL_UART_Init
 *fill*         0x080092ba        0x2 
 .text.Reset_Handler
                0x080092bc       0x50 startup/startup_stm32f407xx.o
                0x080092bc                Reset_Handler
 .text.Default_Handler
                0x0800930c        0x2 startup/startup_stm32f407xx.o
                0x0800930c                RTC_Alarm_IRQHandler
                0x0800930c                HASH_RNG_IRQHandler
                0x0800930c                EXTI2_IRQHandler
                0x0800930c                TIM8_CC_IRQHandler
                0x0800930c                TIM1_CC_IRQHandler
                0x0800930c                DMA2_Stream5_IRQHandler
                0x0800930c                DMA1_Stream5_IRQHandler
                0x0800930c                PVD_IRQHandler
                0x0800930c                SDIO_IRQHandler
                0x0800930c                TAMP_STAMP_IRQHandler
                0x0800930c                CAN2_RX1_IRQHandler
                0x0800930c                EXTI3_IRQHandler
                0x0800930c                TIM8_TRG_COM_TIM14_IRQHandler
                0x0800930c                TIM1_UP_TIM10_IRQHandler
                0x0800930c                TIM8_UP_TIM13_IRQHandler
                0x0800930c                I2C3_ER_IRQHandler
                0x0800930c                I2C2_EV_IRQHandler
                0x0800930c                DMA1_Stream2_IRQHandler
                0x0800930c                CAN1_RX0_IRQHandler
                0x0800930c                FPU_IRQHandler
                0x0800930c                OTG_HS_WKUP_IRQHandler
                0x0800930c                CAN2_SCE_IRQHandler
                0x0800930c                DMA2_Stream2_IRQHandler
                0x0800930c                SPI1_IRQHandler
                0x0800930c                TIM6_DAC_IRQHandler
                0x0800930c                TIM1_BRK_TIM9_IRQHandler
                0x0800930c                DCMI_IRQHandler
                0x0800930c                CAN2_RX0_IRQHandler
                0x0800930c                DMA2_Stream3_IRQHandler
                0x0800930c                USART6_IRQHandler
                0x0800930c                USART3_IRQHandler
                0x0800930c                CAN1_RX1_IRQHandler
                0x0800930c                UART5_IRQHandler
                0x0800930c                DMA2_Stream0_IRQHandler
                0x0800930c                TIM4_IRQHandler
                0x0800930c                I2C1_EV_IRQHandler
                0x0800930c                DMA1_Stream6_IRQHandler
                0x0800930c                DMA1_Stream1_IRQHandler
                0x0800930c                UART4_IRQHandler
                0x0800930c                TIM3_IRQHandler
                0x0800930c                RCC_IRQHandler
                0x0800930c                TIM8_BRK_TIM12_IRQHandler
                0x0800930c                Default_Handler
                0x0800930c                EXTI15_10_IRQHandler
                0x0800930c                ADC_IRQHandler
                0x0800930c                DMA1_Stream7_IRQHandler
                0x0800930c                TIM7_IRQHandler
                0x0800930c                CAN2_TX_IRQHandler
                0x0800930c                TIM5_IRQHandler
                0x0800930c                DMA2_Stream7_IRQHandler
                0x0800930c                I2C3_EV_IRQHandler
                0x0800930c                EXTI9_5_IRQHandler
                0x0800930c                RTC_WKUP_IRQHandler
                0x0800930c                ETH_WKUP_IRQHandler
                0x0800930c                SPI2_IRQHandler
                0x0800930c                OTG_HS_EP1_IN_IRQHandler
                0x0800930c                DMA1_Stream0_IRQHandler
                0x0800930c                CAN1_TX_IRQHandler
                0x0800930c                EXTI4_IRQHandler
                0x0800930c                FSMC_IRQHandler
                0x0800930c                ETH_IRQHandler
                0x0800930c                OTG_HS_EP1_OUT_IRQHandler
                0x0800930c                WWDG_IRQHandler
                0x0800930c                TIM2_IRQHandler
                0x0800930c                OTG_FS_WKUP_IRQHandler
                0x0800930c                TIM1_TRG_COM_TIM11_IRQHandler
                0x0800930c                OTG_HS_IRQHandler
                0x0800930c                EXTI1_IRQHandler
                0x0800930c                USART2_IRQHandler
                0x0800930c                I2C2_ER_IRQHandler
                0x0800930c                DMA2_Stream1_IRQHandler
                0x0800930c                CAN1_SCE_IRQHandler
                0x0800930c                FLASH_IRQHandler
                0x0800930c                DMA2_Stream4_IRQHandler
                0x0800930c                USART1_IRQHandler
                0x0800930c                OTG_FS_IRQHandler
                0x0800930c                SPI3_IRQHandler
                0x0800930c                DMA1_Stream4_IRQHandler
                0x0800930c                I2C1_ER_IRQHandler
                0x0800930c                DMA2_Stream6_IRQHandler
                0x0800930c                DMA1_Stream3_IRQHandler
 *fill*         0x0800930e        0x2 
 .text.__libc_init_array
                0x08009310       0x48 c:/ac6/systemworkbench/plugins/fr.ac6.mcu.externaltools.arm-none.win32_1.17.0.201812190825/tools/compiler/bin/../lib/gcc/arm-none-eabi/7.3.1/../../../../arm-none-eabi/lib/thumb/v7e-m/fpv4-sp/hard\libc_nano.a(lib_a-init.o)
                0x08009310                __libc_init_array
 .text.memset   0x08009358       0x10 c:/ac6/systemworkbench/plugins/fr.ac6.mcu.externaltools.arm-none.win32_1.17.0.201812190825/tools/compiler/bin/../lib/gcc/arm-none-eabi/7.3.1/../../../../arm-none-eabi/lib/thumb/v7e-m/fpv4-sp/hard\libc_nano.a(lib_a-memset.o)
                0x08009358                memset
 *(.glue_7)
 .glue_7        0x08009368        0x0 linker stubs
 *(.glue_7t)
 .glue_7t       0x08009368        0x0 linker stubs
 *(.eh_frame)
 .eh_frame      0x08009368        0x0 c:/ac6/systemworkbench/plugins/fr.ac6.mcu.externaltools.arm-none.win32_1.17.0.201812190825/tools/compiler/bin/../lib/gcc/arm-none-eabi/7.3.1/thumb/v7e-m/fpv4-sp/hard/crtbegin.o
 *(.init)
 .init          0x08009368        0x4 c:/ac6/systemworkbench/plugins/fr.ac6.mcu.externaltools.arm-none.win32_1.17.0.201812190825/tools/compiler/bin/../lib/gcc/arm-none-eabi/7.3.1/thumb/v7e-m/fpv4-sp/hard/crti.o
                0x08009368                _init
 .init          0x0800936c        0x8 c:/ac6/systemworkbench/plugins/fr.ac6.mcu.externaltools.arm-none.win32_1.17.0.201812190825/tools/compiler/bin/../lib/gcc/arm-none-eabi/7.3.1/thumb/v7e-m/fpv4-sp/hard/crtn.o
 *(.fini)
 .fini          0x08009374        0x4 c:/ac6/systemworkbench/plugins/fr.ac6.mcu.externaltools.arm-none.win32_1.17.0.201812190825/tools/compiler/bin/../lib/gcc/arm-none-eabi/7.3.1/thumb/v7e-m/fpv4-sp/hard/crti.o
                0x08009374                _fini
 .fini          0x08009378        0x8 c:/ac6/systemworkbench/plugins/fr.ac6.mcu.externaltools.arm-none.win32_1.17.0.201812190825/tools/compiler/bin/../lib/gcc/arm-none-eabi/7.3.1/thumb/v7e-m/fpv4-sp/hard/crtn.o
                0x08009380                . = ALIGN (0x4)
                0x08009380                _etext = .

.vfp11_veneer   0x08009380        0x0
 .vfp11_veneer  0x08009380        0x0 linker stubs

.v4_bx          0x08009380        0x0
 .v4_bx         0x08009380        0x0 linker stubs

.iplt           0x08009380        0x0
 .iplt          0x08009380        0x0 c:/ac6/systemworkbench/plugins/fr.ac6.mcu.externaltools.arm-none.win32_1.17.0.201812190825/tools/compiler/bin/../lib/gcc/arm-none-eabi/7.3.1/thumb/v7e-m/fpv4-sp/hard/crtbegin.o

.rodata         0x08009380       0x18
                0x08009380                . = ALIGN (0x4)
 *(.rodata)
 .rodata        0x08009380       0x18 Core/Src/system_stm32f4xx.o
                0x08009380                AHBPrescTable
                0x08009390                APBPrescTable
 *(.rodata*)
                0x08009398                . = ALIGN (0x4)

.ARM.extab
 *(.ARM.extab* .gnu.linkonce.armextab.*)

.ARM            0x08009398        0x8
                0x08009398                __exidx_start = .
 *(.ARM.exidx*)
 .ARM.exidx     0x08009398        0x8 c:/ac6/systemworkbench/plugins/fr.ac6.mcu.externaltools.arm-none.win32_1.17.0.201812190825/tools/compiler/bin/../lib/gcc/arm-none-eabi/7.3.1/thumb/v7e-m/fpv4-sp/hard\libgcc.a(_udivmoddi4.o)
                0x080093a0                __exidx_end = .

.rel.dyn        0x080093a0        0x0
 .rel.iplt      0x080093a0        0x0 c:/ac6/systemworkbench/plugins/fr.ac6.mcu.externaltools.arm-none.win32_1.17.0.201812190825/tools/compiler/bin/../lib/gcc/arm-none-eabi/7.3.1/thumb/v7e-m/fpv4-sp/hard/crtbegin.o

.preinit_array  0x080093a0        0x0
                0x080093a0                PROVIDE (__preinit_array_start = .)
 *(.preinit_array*)
                0x080093a0                PROVIDE (__preinit_array_end = .)

.init_array     0x080093a0        0x4
                0x080093a0                PROVIDE (__init_array_start = .)
 *(SORT_BY_NAME(.init_array.*))
 *(.init_array*)
 .init_array    0x080093a0        0x4 c:/ac6/systemworkbench/plugins/fr.ac6.mcu.externaltools.arm-none.win32_1.17.0.201812190825/tools/compiler/bin/../lib/gcc/arm-none-eabi/7.3.1/thumb/v7e-m/fpv4-sp/hard/crtbegin.o
                0x080093a4                PROVIDE (__init_array_end = .)

.fini_array     0x080093a4        0x4
                [!provide]                PROVIDE (__fini_array_start = .)
 *(SORT_BY_NAME(.fini_array.*))
 *(.fini_array*)
 .fini_array    0x080093a4        0x4 c:/ac6/systemworkbench/plugins/fr.ac6.mcu.externaltools.arm-none.win32_1.17.0.201812190825/tools/compiler/bin/../lib/gcc/arm-none-eabi/7.3.1/thumb/v7e-m/fpv4-sp/hard/crtbegin.o
                [!provide]                PROVIDE (__fini_array_end = .)
                0x080093a8                _sidata = LOADADDR (.data)

.data           0x20000000        0xc load address 0x080093a8
                0x20000000                . = ALIGN (0x4)
                0x20000000                _sdata = .
 *(.data)
 .data          0x20000000        0x4 Core/Src/system_stm32f4xx.o
                0x20000000                SystemCoreClock
 .data          0x20000004        0x8 Drivers/STM32F4xx_HAL_Driver/Src/stm32f4xx_hal.o
                0x20000004                uwTickFreq
                0x20000008                uwTickPrio
 *(.data*)
                0x2000000c                . = ALIGN (0x4)
                0x2000000c                _edata = .
                0x080093b4                _siccmram = LOADADDR (.ccmram)

.igot.plt       0x2000000c        0x0 load address 0x080093b4
 .igot.plt      0x2000000c        0x0 c:/ac6/systemworkbench/plugins/fr.ac6.mcu.externaltools.arm-none.win32_1.17.0.201812190825/tools/compiler/bin/../lib/gcc/arm-none-eabi/7.3.1/thumb/v7e-m/fpv4-sp/hard/crtbegin.o

.ccmram         0x10000000        0x0 load address 0x080093b4
                0x10000000                . = ALIGN (0x4)
                0x10000000                _sccmram = .
 *(.ccmram)
 *(.ccmram*)
                0x10000000                . = ALIGN (0x4)
                0x10000000                _eccmram = .
                0x10000000                . = ALIGN (0x4)

.bss            0x2000000c       0x64
                0x2000000c                _sbss = .
                0x2000000c                __bss_start__ = _sbss
 *(.bss)
 .bss           0x2000000c       0x1c c:/ac6/systemworkbench/plugins/fr.ac6.mcu.externaltools.arm-none.win32_1.17.0.201812190825/tools/compiler/bin/../lib/gcc/arm-none-eabi/7.3.1/thumb/v7e-m/fpv4-sp/hard/crtbegin.o
 *(.bss*)
 *(COMMON)
 COMMON         0x20000028       0x44 Core/Src/main.o
                0x20000028                huart2
 COMMON         0x2000006c        0x4 Drivers/STM32F4xx_HAL_Driver/Src/stm32f4xx_hal.o
                0x2000006c                uwTick
                0x20000070                . = ALIGN (0x4)
                0x20000070                _ebss = .
                0x20000070                __bss_end__ = _ebss

._user_heap_stack
                0x20000070      0x600
                0x20000070                . = ALIGN (0x8)
                0x20000070                PROVIDE (end = .)
                [!provide]                PROVIDE (_end = .)
                0x20000270                . = (. + _Min_Heap_Size)
 *fill*         0x20000070      0x200 
                0x20000670                . = (. + _Min_Stack_Size)
 *fill*         0x20000270      0x400 
                0x20000670                . = ALIGN (0x8)

/DISCARD/
 libc.a(*)
 libm.a(*)
 libgcc.a(*)

.ARM.attributes
                0x00000000       0x30
 *(.ARM.attributes)
 .ARM.attributes
                0x00000000       0x22 c:/ac6/systemworkbench/plugins/fr.ac6.mcu.externaltools.arm-none.win32_1.17.0.201812190825/tools/compiler/bin/../lib/gcc/arm-none-eabi/7.3.1/thumb/v7e-m/fpv4-sp/hard/crti.o
 .ARM.attributes
                0x00000022       0x34 c:/ac6/systemworkbench/plugins/fr.ac6.mcu.externaltools.arm-none.win32_1.17.0.201812190825/tools/compiler/bin/../lib/gcc/arm-none-eabi/7.3.1/thumb/v7e-m/fpv4-sp/hard/crtbegin.o
 .ARM.attributes
                0x00000056       0x39 Core/Src/main.o
 .ARM.attributes
                0x0000008f       0x39 Core/Src/stm32f4xx_hal_msp.o
 .ARM.attributes
                0x000000c8       0x39 Core/Src/stm32f4xx_it.o
 .ARM.attributes
                0x00000101       0x39 Core/Src/system_stm32f4xx.o
 .ARM.attributes
                0x0000013a       0x39 Drivers/STM32F4xx_HAL_Driver/Src/stm32f4xx_hal.o
 .ARM.attributes
                0x00000173       0x39 Drivers/STM32F4xx_HAL_Driver/Src/stm32f4xx_hal_cortex.o
 .ARM.attributes
                0x000001ac       0x39 Drivers/STM32F4xx_HAL_Driver/Src/stm32f4xx_hal_gpio.o
 .ARM.attributes
                0x000001e5       0x39 Drivers/STM32F4xx_HAL_Driver/Src/stm32f4xx_hal_rcc.o
 .ARM.attributes
                0x0000021e       0x39 Drivers/STM32F4xx_HAL_Driver/Src/stm32f4xx_hal_uart.o
 .ARM.attributes
                0x00000257       0x21 startup/startup_stm32f407xx.o
 .ARM.attributes
                0x00000278       0x22 c:/ac6/systemworkbench/plugins/fr.ac6.mcu.externaltools.arm-none.win32_1.17.0.201812190825/tools/compiler/bin/../lib/gcc/arm-none-eabi/7.3.1/thumb/v7e-m/fpv4-sp/hard\libgcc.a(_aeabi_uldivmod.o)
 .ARM.attributes
                0x0000029a       0x34 c:/ac6/systemworkbench/plugins/fr.ac6.mcu.externaltools.arm-none.win32_1.17.0.201812190825/tools/compiler/bin/../lib/gcc/arm-none-eabi/7.3.1/thumb/v7e-m/fpv4-sp/hard\libgcc.a(_udivmoddi4.o)
 .ARM.attributes
                0x000002ce       0x22 c:/ac6/systemworkbench/plugins/fr.ac6.mcu.externaltools.arm-none.win32_1.17.0.201812190825/tools/compiler/bin/../lib/gcc/arm-none-eabi/7.3.1/thumb/v7e-m/fpv4-sp/hard\libgcc.a(_dvmd_tls.o)
 .ARM.attributes
                0x000002f0       0x34 c:/ac6/systemworkbench/plugins/fr.ac6.mcu.externaltools.arm-none.win32_1.17.0.201812190825/tools/compiler/bin/../lib/gcc/arm-none-eabi/7.3.1/../../../../arm-none-eabi/lib/thumb/v7e-m/fpv4-sp/hard\libc_nano.a(lib_a-init.o)
 .ARM.attributes
                0x00000324       0x34 c:/ac6/systemworkbench/plugins/fr.ac6.mcu.externaltools.arm-none.win32_1.17.0.201812190825/tools/compiler/bin/../lib/gcc/arm-none-eabi/7.3.1/../../../../arm-none-eabi/lib/thumb/v7e-m/fpv4-sp/hard\libc_nano.a(lib_a-memset.o)
 .ARM.attributes
                0x00000358       0x22 c:/ac6/systemworkbench/plugins/fr.ac6.mcu.externaltools.arm-none.win32_1.17.0.201812190825/tools/compiler/bin/../lib/gcc/arm-none-eabi/7.3.1/thumb/v7e-m/fpv4-sp/hard/crtn.o
OUTPUT(STM32F4_Custom_Bootloader_UserApp.elf elf32-littlearm)

.debug_info     0x00000000     0x85b6
 .debug_info    0x00000000      0xefa Core/Src/main.o
 .debug_info    0x00000efa      0x9cd Core/Src/stm32f4xx_hal_msp.o
 .debug_info    0x000018c7      0x269 Core/Src/stm32f4xx_it.o
 .debug_info    0x00001b30      0x559 Core/Src/system_stm32f4xx.o
 .debug_info    0x00002089      0x9f1 Drivers/STM32F4xx_HAL_Driver/Src/stm32f4xx_hal.o
 .debug_info    0x00002a7a      0xf8c Drivers/STM32F4xx_HAL_Driver/Src/stm32f4xx_hal_cortex.o
 .debug_info    0x00003a06      0x7d0 Drivers/STM32F4xx_HAL_Driver/Src/stm32f4xx_hal_gpio.o
 .debug_info    0x000041d6      0xa94 Drivers/STM32F4xx_HAL_Driver/Src/stm32f4xx_hal_rcc.o
 .debug_info    0x00004c6a     0x392a Drivers/STM32F4xx_HAL_Driver/Src/stm32f4xx_hal_uart.o
 .debug_info    0x00008594       0x22 startup/startup_stm32f407xx.o

.debug_abbrev   0x00000000     0x127d
 .debug_abbrev  0x00000000      0x22c Core/Src/main.o
 .debug_abbrev  0x0000022c      0x1a4 Core/Src/stm32f4xx_hal_msp.o
 .debug_abbrev  0x000003d0       0xfb Core/Src/stm32f4xx_it.o
 .debug_abbrev  0x000004cb      0x12b Core/Src/system_stm32f4xx.o
 .debug_abbrev  0x000005f6      0x1ed Drivers/STM32F4xx_HAL_Driver/Src/stm32f4xx_hal.o
 .debug_abbrev  0x000007e3      0x328 Drivers/STM32F4xx_HAL_Driver/Src/stm32f4xx_hal_cortex.o
 .debug_abbrev  0x00000b0b      0x1e7 Drivers/STM32F4xx_HAL_Driver/Src/stm32f4xx_hal_gpio.o
 .debug_abbrev  0x00000cf2      0x273 Drivers/STM32F4xx_HAL_Driver/Src/stm32f4xx_hal_rcc.o
 .debug_abbrev  0x00000f65      0x306 Drivers/STM32F4xx_HAL_Driver/Src/stm32f4xx_hal_uart.o
 .debug_abbrev  0x0000126b       0x12 startup/startup_stm32f407xx.o

.debug_aranges  0x00000000      0x5a0
 .debug_aranges
                0x00000000       0x40 Core/Src/main.o
 .debug_aranges
                0x00000040       0x30 Core/Src/stm32f4xx_hal_msp.o
 .debug_aranges
                0x00000070       0x68 Core/Src/stm32f4xx_it.o
 .debug_aranges
                0x000000d8       0x28 Core/Src/system_stm32f4xx.o
 .debug_aranges
                0x00000100       0xf0 Drivers/STM32F4xx_HAL_Driver/Src/stm32f4xx_hal.o
 .debug_aranges
                0x000001f0       0xa8 Drivers/STM32F4xx_HAL_Driver/Src/stm32f4xx_hal_cortex.o
 .debug_aranges
                0x00000298       0x58 Drivers/STM32F4xx_HAL_Driver/Src/stm32f4xx_hal_gpio.o
 .debug_aranges
                0x000002f0       0x88 Drivers/STM32F4xx_HAL_Driver/Src/stm32f4xx_hal_rcc.o
 .debug_aranges
                0x00000378      0x200 Drivers/STM32F4xx_HAL_Driver/Src/stm32f4xx_hal_uart.o
 .debug_aranges
                0x00000578       0x28 startup/startup_stm32f407xx.o

.debug_ranges   0x00000000      0x598
 .debug_ranges  0x00000000       0x30 Core/Src/main.o
 .debug_ranges  0x00000030       0x20 Core/Src/stm32f4xx_hal_msp.o
 .debug_ranges  0x00000050       0x58 Core/Src/stm32f4xx_it.o
 .debug_ranges  0x000000a8       0x18 Core/Src/system_stm32f4xx.o
 .debug_ranges  0x000000c0       0xe0 Drivers/STM32F4xx_HAL_Driver/Src/stm32f4xx_hal.o
 .debug_ranges  0x000001a0       0xf8 Drivers/STM32F4xx_HAL_Driver/Src/stm32f4xx_hal_cortex.o
 .debug_ranges  0x00000298       0x48 Drivers/STM32F4xx_HAL_Driver/Src/stm32f4xx_hal_gpio.o
 .debug_ranges  0x000002e0       0x90 Drivers/STM32F4xx_HAL_Driver/Src/stm32f4xx_hal_rcc.o
 .debug_ranges  0x00000370      0x208 Drivers/STM32F4xx_HAL_Driver/Src/stm32f4xx_hal_uart.o
 .debug_ranges  0x00000578       0x20 startup/startup_stm32f407xx.o

.debug_macro    0x00000000    0x1f17f
 .debug_macro   0x00000000      0x1c4 Core/Src/main.o
 .debug_macro   0x000001c4      0xa54 Core/Src/main.o
 .debug_macro   0x00000c18      0x295 Core/Src/main.o
 .debug_macro   0x00000ead       0x2e Core/Src/main.o
 .debug_macro   0x00000edb       0x2f Core/Src/main.o
 .debug_macro   0x00000f0a       0x22 Core/Src/main.o
 .debug_macro   0x00000f2c       0x8e Core/Src/main.o
 .debug_macro   0x00000fba       0x51 Core/Src/main.o
 .debug_macro   0x0000100b       0xef Core/Src/main.o
 .debug_macro   0x000010fa       0x6a Core/Src/main.o
 .debug_macro   0x00001164      0x1df Core/Src/main.o
 .debug_macro   0x00001343       0x1c Core/Src/main.o
 .debug_macro   0x0000135f       0x22 Core/Src/main.o
 .debug_macro   0x00001381       0xdf Core/Src/main.o
 .debug_macro   0x00001460     0x102d Core/Src/main.o
 .debug_macro   0x0000248d      0x11f Core/Src/main.o
 .debug_macro   0x000025ac    0x15e58 Core/Src/main.o
 .debug_macro   0x00018404       0x6d Core/Src/main.o
 .debug_macro   0x00018471     0x3666 Core/Src/main.o
 .debug_macro   0x0001bad7      0x174 Core/Src/main.o
 .debug_macro   0x0001bc4b       0x5c Core/Src/main.o
 .debug_macro   0x0001bca7      0x96b Core/Src/main.o
 .debug_macro   0x0001c612      0x9fe Core/Src/main.o
 .debug_macro   0x0001d010      0x116 Core/Src/main.o
 .debug_macro   0x0001d126      0x13e Core/Src/main.o
 .debug_macro   0x0001d264       0xa5 Core/Src/main.o
 .debug_macro   0x0001d309      0x174 Core/Src/main.o
 .debug_macro   0x0001d47d      0x287 Core/Src/main.o
 .debug_macro   0x0001d704       0x5f Core/Src/main.o
 .debug_macro   0x0001d763      0x236 Core/Src/main.o
 .debug_macro   0x0001d999      0x12c Core/Src/main.o
 .debug_macro   0x0001dac5      0x21e Core/Src/main.o
 .debug_macro   0x0001dce3       0x2e Core/Src/main.o
 .debug_macro   0x0001dd11      0x11a Core/Src/main.o
 .debug_macro   0x0001de2b       0x7e Core/Src/main.o
 .debug_macro   0x0001dea9       0x89 Core/Src/main.o
 .debug_macro   0x0001df32      0x295 Core/Src/main.o
 .debug_macro   0x0001e1c7      0x12d Core/Src/main.o
 .debug_macro   0x0001e2f4      0x1c4 Core/Src/stm32f4xx_hal_msp.o
 .debug_macro   0x0001e4b8      0x1ce Core/Src/stm32f4xx_it.o
 .debug_macro   0x0001e686      0x1cc Core/Src/system_stm32f4xx.o
 .debug_macro   0x0001e852      0x21a Drivers/STM32F4xx_HAL_Driver/Src/stm32f4xx_hal.o
 .debug_macro   0x0001ea6c      0x1ba Drivers/STM32F4xx_HAL_Driver/Src/stm32f4xx_hal_cortex.o
 .debug_macro   0x0001ec26      0x1c0 Drivers/STM32F4xx_HAL_Driver/Src/stm32f4xx_hal_gpio.o
 .debug_macro   0x0001ede6      0x1de Drivers/STM32F4xx_HAL_Driver/Src/stm32f4xx_hal_rcc.o
 .debug_macro   0x0001efc4      0x1bb Drivers/STM32F4xx_HAL_Driver/Src/stm32f4xx_hal_uart.o

.debug_line     0x00000000     0x6581
 .debug_line    0x00000000      0x848 Core/Src/main.o
 .debug_line    0x00000848      0x800 Core/Src/stm32f4xx_hal_msp.o
 .debug_line    0x00001048      0x869 Core/Src/stm32f4xx_it.o
 .debug_line    0x000018b1      0x7e9 Core/Src/system_stm32f4xx.o
 .debug_line    0x0000209a      0x9c6 Drivers/STM32F4xx_HAL_Driver/Src/stm32f4xx_hal.o
 .debug_line    0x00002a60      0xa18 Drivers/STM32F4xx_HAL_Driver/Src/stm32f4xx_hal_cortex.o
 .debug_line    0x00003478      0x944 Drivers/STM32F4xx_HAL_Driver/Src/stm32f4xx_hal_gpio.o
 .debug_line    0x00003dbc      0xa56 Drivers/STM32F4xx_HAL_Driver/Src/stm32f4xx_hal_rcc.o
 .debug_line    0x00004812     0x1cee Drivers/STM32F4xx_HAL_Driver/Src/stm32f4xx_hal_uart.o
 .debug_line    0x00006500       0x81 startup/startup_stm32f407xx.o

.debug_str      0x00000000    0xbe4dc
 .debug_str     0x00000000    0xbcfd0 Core/Src/main.o
                              0xbd2ba (size before relaxing)
 .debug_str     0x000bcfd0       0x83 Core/Src/stm32f4xx_hal_msp.o
                              0xbcbf5 (size before relaxing)
 .debug_str     0x000bd053       0xf3 Core/Src/stm32f4xx_it.o
                              0xbc6cb (size before relaxing)
 .debug_str     0x000bd146      0x103 Core/Src/system_stm32f4xx.o
                              0xbc7b9 (size before relaxing)
 .debug_str     0x000bd249      0x58b Drivers/STM32F4xx_HAL_Driver/Src/stm32f4xx_hal.o
                              0xbd28c (size before relaxing)
 .debug_str     0x000bd7d4      0x341 Drivers/STM32F4xx_HAL_Driver/Src/stm32f4xx_hal_cortex.o
                              0xbd036 (size before relaxing)
 .debug_str     0x000bdb15      0x116 Drivers/STM32F4xx_HAL_Driver/Src/stm32f4xx_hal_gpio.o
                              0xbc90c (size before relaxing)
 .debug_str     0x000bdc2b      0x233 Drivers/STM32F4xx_HAL_Driver/Src/stm32f4xx_hal_rcc.o
                              0xbcb8e (size before relaxing)
 .debug_str     0x000bde5e      0x64f Drivers/STM32F4xx_HAL_Driver/Src/stm32f4xx_hal_uart.o
                              0xbd164 (size before relaxing)
 .debug_str     0x000be4ad       0x2f startup/startup_stm32f407xx.o
                                 0x9c (size before relaxing)

.comment        0x00000000       0x7f
 .comment       0x00000000       0x7f Core/Src/main.o
                                 0x80 (size before relaxing)
 .comment       0x0000007f       0x80 Core/Src/stm32f4xx_hal_msp.o
 .comment       0x0000007f       0x80 Core/Src/stm32f4xx_it.o
 .comment       0x0000007f       0x80 Core/Src/system_stm32f4xx.o
 .comment       0x0000007f       0x80 Drivers/STM32F4xx_HAL_Driver/Src/stm32f4xx_hal.o
 .comment       0x0000007f       0x80 Drivers/STM32F4xx_HAL_Driver/Src/stm32f4xx_hal_cortex.o
 .comment       0x0000007f       0x80 Drivers/STM32F4xx_HAL_Driver/Src/stm32f4xx_hal_gpio.o
 .comment       0x0000007f       0x80 Drivers/STM32F4xx_HAL_Driver/Src/stm32f4xx_hal_rcc.o
 .comment       0x0000007f       0x80 Drivers/STM32F4xx_HAL_Driver/Src/stm32f4xx_hal_uart.o

.debug_frame    0x00000000      0xe00
 .debug_frame   0x00000000       0x94 Core/Src/main.o
 .debug_frame   0x00000094       0x64 Core/Src/stm32f4xx_hal_msp.o
 .debug_frame   0x000000f8       0xc0 Core/Src/stm32f4xx_it.o
 .debug_frame   0x000001b8       0x30 Core/Src/system_stm32f4xx.o
 .debug_frame   0x000001e8      0x1ec Drivers/STM32F4xx_HAL_Driver/Src/stm32f4xx_hal.o
 .debug_frame   0x000003d4      0x15c Drivers/STM32F4xx_HAL_Driver/Src/stm32f4xx_hal_cortex.o
 .debug_frame   0x00000530       0xd8 Drivers/STM32F4xx_HAL_Driver/Src/stm32f4xx_hal_gpio.o
 .debug_frame   0x00000608      0x184 Drivers/STM32F4xx_HAL_Driver/Src/stm32f4xx_hal_rcc.o
 .debug_frame   0x0000078c      0x5c8 Drivers/STM32F4xx_HAL_Driver/Src/stm32f4xx_hal_uart.o
 .debug_frame   0x00000d54       0x2c c:/ac6/systemworkbench/plugins/fr.ac6.mcu.externaltools.arm-none.win32_1.17.0.201812190825/tools/compiler/bin/../lib/gcc/arm-none-eabi/7.3.1/thumb/v7e-m/fpv4-sp/hard\libgcc.a(_aeabi_uldivmod.o)
 .debug_frame   0x00000d80       0x34 c:/ac6/systemworkbench/plugins/fr.ac6.mcu.externaltools.arm-none.win32_1.17.0.201812190825/tools/compiler/bin/../lib/gcc/arm-none-eabi/7.3.1/thumb/v7e-m/fpv4-sp/hard\libgcc.a(_udivmoddi4.o)
 .debug_frame   0x00000db4       0x2c c:/ac6/systemworkbench/plugins/fr.ac6.mcu.externaltools.arm-none.win32_1.17.0.201812190825/tools/compiler/bin/../lib/gcc/arm-none-eabi/7.3.1/../../../../arm-none-eabi/lib/thumb/v7e-m/fpv4-sp/hard\libc_nano.a(lib_a-init.o)
 .debug_frame   0x00000de0       0x20 c:/ac6/systemworkbench/plugins/fr.ac6.mcu.externaltools.arm-none.win32_1.17.0.201812190825/tools/compiler/bin/../lib/gcc/arm-none-eabi/7.3.1/../../../../arm-none-eabi/lib/thumb/v7e-m/fpv4-sp/hard\libc_nano.a(lib_a-memset.o)

.debug_loc      0x00000000     0x447a
 .debug_loc     0x00000000       0x74 Core/Src/stm32f4xx_hal_msp.o
 .debug_loc     0x00000074      0x13e Core/Src/system_stm32f4xx.o
 .debug_loc     0x000001b2      0x11b Drivers/STM32F4xx_HAL_Driver/Src/stm32f4xx_hal.o
 .debug_loc     0x000002cd      0x5ce Drivers/STM32F4xx_HAL_Driver/Src/stm32f4xx_hal_cortex.o
 .debug_loc     0x0000089b      0x475 Drivers/STM32F4xx_HAL_Driver/Src/stm32f4xx_hal_gpio.o
 .debug_loc     0x00000d10      0x40f Drivers/STM32F4xx_HAL_Driver/Src/stm32f4xx_hal_rcc.o
 .debug_loc     0x0000111f     0x335b Drivers/STM32F4xx_HAL_Driver/Src/stm32f4xx_hal_uart.o
