Archive member included to satisfy reference by file (symbol)

c:/ac6/systemworkbench/plugins/fr.ac6.mcu.externaltools.arm-none.win32_1.17.0.201812190825/tools/compiler/bin/../lib/gcc/arm-none-eabi/7.3.1/thumb/v7e-m/fpv4-sp/hard\libgcc.a(_aeabi_uldivmod.o)
                              Drivers/STM32F4xx_HAL_Driver/Src/stm32f4xx_hal_rcc.o (__aeabi_uldivmod)
c:/ac6/systemworkbench/plugins/fr.ac6.mcu.externaltools.arm-none.win32_1.17.0.201812190825/tools/compiler/bin/../lib/gcc/arm-none-eabi/7.3.1/thumb/v7e-m/fpv4-sp/hard\libgcc.a(_udivmoddi4.o)
                              c:/ac6/systemworkbench/plugins/fr.ac6.mcu.externaltools.arm-none.win32_1.17.0.201812190825/tools/compiler/bin/../lib/gcc/arm-none-eabi/7.3.1/thumb/v7e-m/fpv4-sp/hard\libgcc.a(_aeabi_uldivmod.o) (__udivmoddi4)
c:/ac6/systemworkbench/plugins/fr.ac6.mcu.externaltools.arm-none.win32_1.17.0.201812190825/tools/compiler/bin/../lib/gcc/arm-none-eabi/7.3.1/thumb/v7e-m/fpv4-sp/hard\libgcc.a(_dvmd_tls.o)
                              c:/ac6/systemworkbench/plugins/fr.ac6.mcu.externaltools.arm-none.win32_1.17.0.201812190825/tools/compiler/bin/../lib/gcc/arm-none-eabi/7.3.1/thumb/v7e-m/fpv4-sp/hard\libgcc.a(_aeabi_uldivmod.o) (__aeabi_ldiv0)
c:/ac6/systemworkbench/plugins/fr.ac6.mcu.externaltools.arm-none.win32_1.17.0.201812190825/tools/compiler/bin/../lib/gcc/arm-none-eabi/7.3.1/../../../../arm-none-eabi/lib/thumb/v7e-m/fpv4-sp/hard\libc_nano.a(lib_a-errno.o)
                              Core/Src/syscalls.o (__errno)
c:/ac6/systemworkbench/plugins/fr.ac6.mcu.externaltools.arm-none.win32_1.17.0.201812190825/tools/compiler/bin/../lib/gcc/arm-none-eabi/7.3.1/../../../../arm-none-eabi/lib/thumb/v7e-m/fpv4-sp/hard\libc_nano.a(lib_a-exit.o)
                              c:/ac6/systemworkbench/plugins/fr.ac6.mcu.externaltools.arm-none.win32_1.17.0.201812190825/tools/compiler/bin/../lib/gcc/arm-none-eabi/7.3.1/../../../../arm-none-eabi/lib/thumb/v7e-m/fpv4-sp/hard/crt0.o (exit)
c:/ac6/systemworkbench/plugins/fr.ac6.mcu.externaltools.arm-none.win32_1.17.0.201812190825/tools/compiler/bin/../lib/gcc/arm-none-eabi/7.3.1/../../../../arm-none-eabi/lib/thumb/v7e-m/fpv4-sp/hard\libc_nano.a(lib_a-impure.o)
                              c:/ac6/systemworkbench/plugins/fr.ac6.mcu.externaltools.arm-none.win32_1.17.0.201812190825/tools/compiler/bin/../lib/gcc/arm-none-eabi/7.3.1/../../../../arm-none-eabi/lib/thumb/v7e-m/fpv4-sp/hard\libc_nano.a(lib_a-exit.o) (_global_impure_ptr)
c:/ac6/systemworkbench/plugins/fr.ac6.mcu.externaltools.arm-none.win32_1.17.0.201812190825/tools/compiler/bin/../lib/gcc/arm-none-eabi/7.3.1/../../../../arm-none-eabi/lib/thumb/v7e-m/fpv4-sp/hard\libc_nano.a(lib_a-init.o)
                              c:/ac6/systemworkbench/plugins/fr.ac6.mcu.externaltools.arm-none.win32_1.17.0.201812190825/tools/compiler/bin/../lib/gcc/arm-none-eabi/7.3.1/../../../../arm-none-eabi/lib/thumb/v7e-m/fpv4-sp/hard/crt0.o (__libc_init_array)
c:/ac6/systemworkbench/plugins/fr.ac6.mcu.externaltools.arm-none.win32_1.17.0.201812190825/tools/compiler/bin/../lib/gcc/arm-none-eabi/7.3.1/../../../../arm-none-eabi/lib/thumb/v7e-m/fpv4-sp/hard\libc_nano.a(lib_a-memset.o)
                              c:/ac6/systemworkbench/plugins/fr.ac6.mcu.externaltools.arm-none.win32_1.17.0.201812190825/tools/compiler/bin/../lib/gcc/arm-none-eabi/7.3.1/../../../../arm-none-eabi/lib/thumb/v7e-m/fpv4-sp/hard/crt0.o (memset)
c:/ac6/systemworkbench/plugins/fr.ac6.mcu.externaltools.arm-none.win32_1.17.0.201812190825/tools/compiler/bin/../lib/gcc/arm-none-eabi/7.3.1/../../../../arm-none-eabi/lib/thumb/v7e-m/fpv4-sp/hard\libc_nano.a(lib_a-vsprintf.o)
                              Core/Src/main.o (vsprintf)
c:/ac6/systemworkbench/plugins/fr.ac6.mcu.externaltools.arm-none.win32_1.17.0.201812190825/tools/compiler/bin/../lib/gcc/arm-none-eabi/7.3.1/../../../../arm-none-eabi/lib/thumb/v7e-m/fpv4-sp/hard\libc_nano.a(lib_a-nano-svfprintf.o)
                              c:/ac6/systemworkbench/plugins/fr.ac6.mcu.externaltools.arm-none.win32_1.17.0.201812190825/tools/compiler/bin/../lib/gcc/arm-none-eabi/7.3.1/../../../../arm-none-eabi/lib/thumb/v7e-m/fpv4-sp/hard\libc_nano.a(lib_a-vsprintf.o) (_svfprintf_r)
c:/ac6/systemworkbench/plugins/fr.ac6.mcu.externaltools.arm-none.win32_1.17.0.201812190825/tools/compiler/bin/../lib/gcc/arm-none-eabi/7.3.1/../../../../arm-none-eabi/lib/thumb/v7e-m/fpv4-sp/hard\libc_nano.a(lib_a-nano-vfprintf_i.o)
                              c:/ac6/systemworkbench/plugins/fr.ac6.mcu.externaltools.arm-none.win32_1.17.0.201812190825/tools/compiler/bin/../lib/gcc/arm-none-eabi/7.3.1/../../../../arm-none-eabi/lib/thumb/v7e-m/fpv4-sp/hard\libc_nano.a(lib_a-nano-svfprintf.o) (_printf_i)
c:/ac6/systemworkbench/plugins/fr.ac6.mcu.externaltools.arm-none.win32_1.17.0.201812190825/tools/compiler/bin/../lib/gcc/arm-none-eabi/7.3.1/../../../../arm-none-eabi/lib/thumb/v7e-m/fpv4-sp/hard\libc_nano.a(lib_a-memchr.o)
[...]
Memory Configuration

Name             Origin             Length             Attributes
RAM              0x20000000         0x00020000         xrw
CCMRAM           0x10000000         0x00010000         xrw
FLASH            0x08000000         0x00100000         xr
*default*        0x00000000         0xffffffff

Linker script and memory map

LOAD c:/ac6/systemworkbench/plugins/fr.ac6.mcu.externaltools.arm-none.win32_1.17.0.201812190825/tools/compiler/bin/../lib/gcc/arm-none-eabi/7.3.1/thumb/v7e-m/fpv4-sp/hard/crti.o
LOAD c:/ac6/systemworkbench/plugins/fr.ac6.mcu.externaltools.arm-none.win32_1.17.0.201812190825/tools/compiler/bin/../lib/gcc/arm-none-eabi/7.3.1/thumb/v7e-m/fpv4-sp/hard/crtbegin.o
LOAD c:/ac6/systemworkbench/plugins/fr.ac6.mcu.externaltools.arm-none.win32_1.17.0.201812190825/tools/compiler/bin/../lib/gcc/arm-none-eabi/7.3.1/../../../../arm-none-eabi/lib/thumb/v7e-m/fpv4-sp/hard/crt0.o
LOAD Core/Src/main.o
LOAD Core/Src/stm32f4xx_hal_msp.o
LOAD Core/Src/stm32f4xx_it.o
LOAD Core/Src/syscalls.o
LOAD Core/Src/system_stm32f4xx.o
LOAD Drivers/STM32F4xx_HAL_Driver/Src/stm32f4xx_hal.o
LOAD Drivers/STM32F4xx_HAL_Driver/Src/stm32f4xx_hal_cortex.o
LOAD Drivers/STM32F4xx_HAL_Driver/Src/stm32f4xx_hal_crc.o
LOAD Drivers/STM32F4xx_HAL_Driver/Src/stm32f4xx_hal_dma.o
LOAD Drivers/STM32F4xx_HAL_Driver/Src/stm32f4xx_hal_dma_ex.o
LOAD Drivers/STM32F4xx_HAL_Driver/Src/stm32f4xx_hal_exti.o
LOAD Drivers/STM32F4xx_HAL_Driver/Src/stm32f4xx_hal_flash.o
LOAD Drivers/STM32F4xx_HAL_Driver/Src/stm32f4xx_hal_flash_ex.o
LOAD Drivers/STM32F4xx_HAL_Driver/Src/stm32f4xx_hal_flash_ramfunc.o
LOAD Drivers/STM32F4xx_HAL_Driver/Src/stm32f4xx_hal_gpio.o
LOAD Drivers/STM32F4xx_HAL_Driver/Src/stm32f4xx_hal_pwr.o
LOAD Drivers/STM32F4xx_HAL_Driver/Src/stm32f4xx_hal_pwr_ex.o
LOAD Drivers/STM32F4xx_HAL_Driver/Src/stm32f4xx_hal_rcc.o
LOAD Drivers/STM32F4xx_HAL_Driver/Src/stm32f4xx_hal_rcc_ex.o
LOAD Drivers/STM32F4xx_HAL_Driver/Src/stm32f4xx_hal_tim.o
LOAD Drivers/STM32F4xx_HAL_Driver/Src/stm32f4xx_hal_tim_ex.o
LOAD Drivers/STM32F4xx_HAL_Driver/Src/stm32f4xx_hal_uart.o
LOAD startup/startup_stm32f407xx.o
LOAD c:/ac6/systemworkbench/plugins/fr.ac6.mcu.externaltools.arm-none.win32_1.17.0.201812190825/tools/compiler/bin/../lib/gcc/arm-none-eabi/7.3.1/../../../../arm-none-eabi/lib/thumb/v7e-m/fpv4-sp/hard\libm.a
START GROUP
LOAD c:/ac6/systemworkbench/plugins/fr.ac6.mcu.externaltools.arm-none.win32_1.17.0.201812190825/tools/compiler/bin/../lib/gcc/arm-none-eabi/7.3.1/thumb/v7e-m/fpv4-sp/hard\libgcc.a
LOAD c:/ac6/systemworkbench/plugins/fr.ac6.mcu.externaltools.arm-none.win32_1.17.0.201812190825/tools/compiler/bin/../lib/gcc/arm-none-eabi/7.3.1/../../../../arm-none-eabi/lib/thumb/v7e-m/fpv4-sp/hard\libc_nano.a
END GROUP
START GROUP
LOAD c:/ac6/systemworkbench/plugins/fr.ac6.mcu.externaltools.arm-none.win32_1.17.0.201812190825/tools/compiler/bin/../lib/gcc/arm-none-eabi/7.3.1/thumb/v7e-m/fpv4-sp/hard\libgcc.a
LOAD c:/ac6/systemworkbench/plugins/fr.ac6.mcu.externaltools.arm-none.win32_1.17.0.201812190825/tools/compiler/bin/../lib/gcc/arm-none-eabi/7.3.1/../../../../arm-none-eabi/lib/thumb/v7e-m/fpv4-sp/hard\libc_nano.a
LOAD c:/ac6/systemworkbench/plugins/fr.ac6.mcu.externaltools.arm-none.win32_1.17.0.201812190825/tools/compiler/bin/../lib/gcc/arm-none-eabi/7.3.1/../../../../arm-none-eabi/lib/thumb/v7e-m/fpv4-sp/hard\libnosys.a
END GROUP
START GROUP
LOAD c:/ac6/systemworkbench/plugins/fr.ac6.mcu.externaltools.arm-none.win32_1.17.0.201812190825/tools/compiler/bin/../lib/gcc/arm-none-eabi/7.3.1/thumb/v7e-m/fpv4-sp/hard\libgcc.a
LOAD c:/ac6/systemworkbench/plugins/fr.ac6.mcu.externaltools.arm-none.win32_1.17.0.201812190825/tools/compiler/bin/../lib/gcc/arm-none-eabi/7.3.1/../../../../arm-none-eabi/lib/thumb/v7e-m/fpv4-sp/hard\libc_nano.a
LOAD c:/ac6/systemworkbench/plugins/fr.ac6.mcu.externaltools.arm-none.win32_1.17.0.201812190825/tools/compiler/bin/../lib/gcc/arm-none-eabi/7.3.1/../../../../arm-none-eabi/lib/thumb/v7e-m/fpv4-sp/hard\libnosys.a
END GROUP
LOAD c:/ac6/systemworkbench/plugins/fr.ac6.mcu.externaltools.arm-none.win32_1.17.0.201812190825/tools/compiler/bin/../lib/gcc/arm-none-eabi/7.3.1/thumb/v7e-m/fpv4-sp/hard/crtend.o
LOAD c:/ac6/systemworkbench/plugins/fr.ac6.mcu.externaltools.arm-none.win32_1.17.0.201812190825/tools/compiler/bin/../lib/gcc/arm-none-eabi/7.3.1/thumb/v7e-m/fpv4-sp/hard/crtn.o
                0x20020000                _estack = 0x20020000
                0x00000200                _Min_Heap_Size = 0x200
                0x00000400                _Min_Stack_Size = 0x400

.isr_vector     0x08000000      0x188
                0x08000000                . = ALIGN (0x4)
 *(.isr_vector)
 .isr_vector    0x08000000      0x188 startup/startup_stm32f407xx.o
                0x08000000                g_pfnVectors
                0x08000188                . = ALIGN (0x4)

.text           0x08000190     0x2788
                0x08000190                . = ALIGN (0x4)
 *(.text)
 .text          0x08000190       0x40 c:/ac6/systemworkbench/plugins/fr.ac6.mcu.externaltools.arm-none.win32_1.17.0.201812190825/tools/compiler/bin/../lib/gcc/arm-none-eabi/7.3.1/thumb/v7e-m/fpv4-sp/hard/crtbegin.o
 .text          0x080001d0       0x30 c:/ac6/systemworkbench/plugins/fr.ac6.mcu.externaltools.arm-none.win32_1.17.0.201812190825/tools/compiler/bin/../lib/gcc/arm-none-eabi/7.3.1/thumb/v7e-m/fpv4-sp/hard\libgcc.a(_aeabi_uldivmod.o)
                0x080001d0                __aeabi_uldivmod
 .text          0x08000200      0x2cc c:/ac6/systemworkbench/plugins/fr.ac6.mcu.externaltools.arm-none.win32_1.17.0.201812190825/tools/compiler/bin/../lib/gcc/arm-none-eabi/7.3.1/thumb/v7e-m/fpv4-sp/hard\libgcc.a(_udivmoddi4.o)
                0x08000200                __udivmoddi4
 .text          0x080004cc        0x4 c:/ac6/systemworkbench/plugins/fr.ac6.mcu.externaltools.arm-none.win32_1.17.0.201812190825/tools/compiler/bin/../lib/gcc/arm-none-eabi/7.3.1/thumb/v7e-m/fpv4-sp/hard\libgcc.a(_dvmd_tls.o)
                0x080004cc                __aeabi_idiv0
                0x080004cc                __aeabi_ldiv0
 .text          0x080004d0       0xa0 c:/ac6/systemworkbench/plugins/fr.ac6.mcu.externaltools.arm-none.win32_1.17.0.201812190825/tools/compiler/bin/../lib/gcc/arm-none-eabi/7.3.1/../../../../arm-none-eabi/lib/thumb/v7e-m/fpv4-sp/hard\libc_nano.a(lib_a-memchr.o)
                0x080004d0                memchr
 *(.text*)
 .text.MX_GPIO_Init
                0x08000570       0x7c Core/Src/main.o
 .text.printmsg
                0x080005ec       0x30 Core/Src/main.o
 .text.Bootloader_JumpTo_UserApp
                0x0800061c       0x3c Core/Src/main.o
                0x0800061c                Bootloader_JumpTo_UserApp
 .text.Bootloader_VerifyCRC
                0x08000658       0x44 Core/Src/main.o
                0x08000658                Bootloader_VerifyCRC
 .text.Bootloader_GetVer
                0x0800069c        0x4 Core/Src/main.o
                0x0800069c                Bootloader_GetVer
 .text.Bootloader_MCU_GetChipID
                0x080006a0       0x10 Core/Src/main.o
                0x080006a0                Bootloader_MCU_GetChipID
 .text.Bootloader_MCU_GetFlash_RdpLevel
                0x080006b0       0x10 Core/Src/main.o
                0x080006b0                Bootloader_MCU_GetFlash_RdpLevel
 .text.Bootloader_VerifyAddress
                0x080006c0       0x40 Core/Src/main.o
                0x080006c0                Bootloader_VerifyAddress
 .text.Bootloader_FlashErase
                0x08000700       0x4c Core/Src/main.o
                0x08000700                Bootloader_FlashErase
 .text.Bootloader_MemWrite
                0x0800074c       0x34 Core/Src/main.o
                0x0800074c                Bootloader_MemWrite
 .text.Bootloader_Uart_SendACK
                0x08000780       0x28 Core/Src/main.o
                0x08000780                Bootloader_Uart_SendACK
 .text.Bootloader_Uart_SendNACK
                0x080007a8       0x24 Core/Src/main.o
                0x080007a8                Bootloader_Uart_SendNACK
 .text.Bootloader_Uart_SendReply
                0x080007cc       0x18 Core/Src/main.o
                0x080007cc                Bootloader_Uart_SendReply
 .text.Bootloader_Handle_GetVer_Cmd
                0x080007e4       0x6c Core/Src/main.o
                0x080007e4                Bootloader_Handle_GetVer_Cmd
 .text.Bootloader_Handle_GetHelp_Cmd
                0x08000850       0x4c Core/Src/main.o
                0x08000850                Bootloader_Handle_GetHelp_Cmd
 .text.Bootloader_Handle_GetCid_Cmd
                0x0800089c       0x6c Core/Src/main.o
                0x0800089c                Bootloader_Handle_GetCid_Cmd
 .text.Bootloader_Handle_GetRdp_Cmd
                0x08000908       0x6c Core/Src/main.o
                0x08000908                Bootloader_Handle_GetRdp_Cmd
 .text.Bootloader_Handle_GoToAddr_Cmd
                0x08000974       0x8c Core/Src/main.o
                0x08000974                Bootloader_Handle_GoToAddr_Cmd
 .text.Bootloader_Handle_FlashErase_Cmd
                0x08000a00       0x9c Core/Src/main.o
                0x08000a00                Bootloader_Handle_FlashErase_Cmd
 .text.Bootloader_Handle_MemWrite_Cmd
                0x08000a9c       0xc0 Core/Src/main.o
                0x08000a9c                Bootloader_Handle_MemWrite_Cmd
 .text.Bootloader_ReadData
                0x08000b5c       0xb8 Core/Src/main.o
                0x08000b5c                Bootloader_ReadData
 .text.Error_Handler
                0x08000c14        0x4 Core/Src/main.o
                0x08000c14                Error_Handler
 .text.MX_CRC_Init
                0x08000c18       0x1c Core/Src/main.o
 .text.MX_USART2_UART_Init
                0x08000c34       0x34 Core/Src/main.o
 .text.SystemClock_Config
                0x08000c68       0xa4 Core/Src/main.o
                0x08000c68                SystemClock_Config
 .text.main     0x08000d0c       0x48 Core/Src/main.o
                0x08000d0c                main
 .text.HAL_MspInit
                0x08000d54       0x40 Core/Src/stm32f4xx_hal_msp.o
                0x08000d54                HAL_MspInit
 .text.HAL_CRC_MspInit
                0x08000d94       0x30 Core/Src/stm32f4xx_hal_msp.o
                0x08000d94                HAL_CRC_MspInit
 .text.HAL_UART_MspInit
                0x08000dc4       0x70 Core/Src/stm32f4xx_hal_msp.o
                0x08000dc4                HAL_UART_MspInit
 .text.NMI_Handler
                0x08000e34        0x2 Core/Src/stm32f4xx_it.o
                0x08000e34                NMI_Handler
 .text.HardFault_Handler
                0x08000e36        0x2 Core/Src/stm32f4xx_it.o
                0x08000e36                HardFault_Handler
 .text.MemManage_Handler
                0x08000e38        0x2 Core/Src/stm32f4xx_it.o
                0x08000e38                MemManage_Handler
 .text.BusFault_Handler
                0x08000e3a        0x2 Core/Src/stm32f4xx_it.o
                0x08000e3a                BusFault_Handler
 .text.UsageFault_Handler
                0x08000e3c        0x2 Core/Src/stm32f4xx_it.o
                0x08000e3c                UsageFault_Handler
 .text.SVC_Handler
                0x08000e3e        0x2 Core/Src/stm32f4xx_it.o
                0x08000e3e                SVC_Handler
 .text.DebugMon_Handler
                0x08000e40        0x2 Core/Src/stm32f4xx_it.o
                0x08000e40                DebugMon_Handler
 .text.PendSV_Handler
                0x08000e42        0x2 Core/Src/stm32f4xx_it.o
                0x08000e42                PendSV_Handler
 .text.SysTick_Handler
                0x08000e44        0x8 Core/Src/stm32f4xx_it.o
                0x08000e44                SysTick_Handler
 .text._sbrk    0x08000e4c       0x3c Core/Src/syscalls.o
                0x08000e4c                _sbrk
 .text.SystemInit
                0x08000e88       0x14 Core/Src/system_stm32f4xx.o
                0x08000e88                SystemInit
 .text.HAL_InitTick
                0x08000e9c       0x48 Drivers/STM32F4xx_HAL_Driver/Src/stm32f4xx_hal.o
                0x08000e9c                HAL_InitTick
 .text.HAL_Init
                0x08000ee4       0x34 Drivers/STM32F4xx_HAL_Driver/Src/stm32f4xx_hal.o
                0x08000ee4                HAL_Init
 .text.HAL_IncTick
                0x08000f18       0x18 Drivers/STM32F4xx_HAL_Driver/Src/stm32f4xx_hal.o
                0x08000f18                HAL_IncTick
 .text.HAL_GetTick
                0x08000f30        0xc Drivers/STM32F4xx_HAL_Driver/Src/stm32f4xx_hal.o
                0x08000f30                HAL_GetTick
 .text.HAL_NVIC_SetPriorityGrouping
                0x08000f3c       0x24 Drivers/STM32F4xx_HAL_Driver/Src/stm32f4xx_hal_cortex.o
                0x08000f3c                HAL_NVIC_SetPriorityGrouping
 .text.HAL_NVIC_SetPriority
                0x08000f60       0x68 Drivers/STM32F4xx_HAL_Driver/Src/stm32f4xx_hal_cortex.o
                0x08000f60                HAL_NVIC_SetPriority
 .text.HAL_SYSTICK_Config
                0x08000fc8       0x2c Drivers/STM32F4xx_HAL_Driver/Src/stm32f4xx_hal_cortex.o
                0x08000fc8                HAL_SYSTICK_Config
 .text.HAL_CRC_Init
                0x08000ff4       0x1e Drivers/STM32F4xx_HAL_Driver/Src/stm32f4xx_hal_crc.o
                0x08000ff4                HAL_CRC_Init
 .text.HAL_CRC_Accumulate
                0x08001012       0x34 Drivers/STM32F4xx_HAL_Driver/Src/stm32f4xx_hal_crc.o
                0x08001012                HAL_CRC_Accumulate
 *fill*         0x08001046        0x2 
 .text.FLASH_Program_DoubleWord
                0x08001048       0x30 Drivers/STM32F4xx_HAL_Driver/Src/stm32f4xx_hal_flash.o
 .text.FLASH_Program_Word
                0x08001078       0x24 Drivers/STM32F4xx_HAL_Driver/Src/stm32f4xx_hal_flash.o
 .text.FLASH_Program_HalfWord
                0x0800109c       0x24 Drivers/STM32F4xx_HAL_Driver/Src/stm32f4xx_hal_flash.o
 .text.FLASH_Program_Byte
                0x080010c0       0x20 Drivers/STM32F4xx_HAL_Driver/Src/stm32f4xx_hal_flash.o
 .text.FLASH_SetErrorCode
                0x080010e0       0x8c Drivers/STM32F4xx_HAL_Driver/Src/stm32f4xx_hal_flash.o
 .text.HAL_FLASH_Unlock
                0x0800116c       0x30 Drivers/STM32F4xx_HAL_Driver/Src/stm32f4xx_hal_flash.o
                0x0800116c                HAL_FLASH_Unlock
 .text.HAL_FLASH_Lock
                0x0800119c       0x14 Drivers/STM32F4xx_HAL_Driver/Src/stm32f4xx_hal_flash.o
                0x0800119c                HAL_FLASH_Lock
 .text.FLASH_WaitForLastOperation
                0x080011b0       0x64 Drivers/STM32F4xx_HAL_Driver/Src/stm32f4xx_hal_flash.o
                0x080011b0                FLASH_WaitForLastOperation
 .text.HAL_FLASH_Program
                0x08001214       0x80 Drivers/STM32F4xx_HAL_Driver/Src/stm32f4xx_hal_flash.o
                0x08001214                HAL_FLASH_Program
 .text.FLASH_MassErase
                0x08001294       0x24 Drivers/STM32F4xx_HAL_Driver/Src/stm32f4xx_hal_flash_ex.o
 .text.FLASH_Erase_Sector
                0x080012b8       0x58 Drivers/STM32F4xx_HAL_Driver/Src/stm32f4xx_hal_flash_ex.o
                0x080012b8                FLASH_Erase_Sector
 .text.FLASH_FlushCaches
                0x08001310       0x60 Drivers/STM32F4xx_HAL_Driver/Src/stm32f4xx_hal_flash_ex.o
                0x08001310                FLASH_FlushCaches
 .text.HAL_FLASHEx_Erase
                0x08001370       0x94 Drivers/STM32F4xx_HAL_Driver/Src/stm32f4xx_hal_flash_ex.o
                0x08001370                HAL_FLASHEx_Erase
 .text.HAL_GPIO_Init
                0x08001404      0x1d4 Drivers/STM32F4xx_HAL_Driver/Src/stm32f4xx_hal_gpio.o
                0x08001404                HAL_GPIO_Init
 .text.HAL_GPIO_ReadPin
                0x080015d8        0xe Drivers/STM32F4xx_HAL_Driver/Src/stm32f4xx_hal_gpio.o
                0x080015d8                HAL_GPIO_ReadPin
 .text.HAL_GPIO_WritePin
                0x080015e6        0xc Drivers/STM32F4xx_HAL_Driver/Src/stm32f4xx_hal_gpio.o
                0x080015e6                HAL_GPIO_WritePin
 *fill*         0x080015f2        0x2 
 .text.HAL_RCC_OscConfig
                0x080015f4      0x3f8 Drivers/STM32F4xx_HAL_Driver/Src/stm32f4xx_hal_rcc.o
                0x080015f4                HAL_RCC_OscConfig
 .text.HAL_RCC_GetSysClockFreq
                0x080019ec       0xd8 Drivers/STM32F4xx_HAL_Driver/Src/stm32f4xx_hal_rcc.o
                0x080019ec                HAL_RCC_GetSysClockFreq
 .text.HAL_RCC_ClockConfig
                0x08001ac4      0x160 Drivers/STM32F4xx_HAL_Driver/Src/stm32f4xx_hal_rcc.o
                0x08001ac4                HAL_RCC_ClockConfig
 .text.HAL_RCC_GetHCLKFreq
                0x08001c24        0xc Drivers/STM32F4xx_HAL_Driver/Src/stm32f4xx_hal_rcc.o
                0x08001c24                HAL_RCC_GetHCLKFreq
 .text.HAL_RCC_GetPCLK1Freq
                0x08001c30       0x20 Drivers/STM32F4xx_HAL_Driver/Src/stm32f4xx_hal_rcc.o
                0x08001c30                HAL_RCC_GetPCLK1Freq
 .text.HAL_RCC_GetPCLK2Freq
                0x08001c50       0x20 Drivers/STM32F4xx_HAL_Driver/Src/stm32f4xx_hal_rcc.o
                0x08001c50                HAL_RCC_GetPCLK2Freq
 .text.UART_SetConfig
                0x08001c70      0x134 Drivers/STM32F4xx_HAL_Driver/Src/stm32f4xx_hal_uart.o
 .text.UART_WaitOnFlagUntilTimeout
                0x08001da4       0x7e Drivers/STM32F4xx_HAL_Driver/Src/stm32f4xx_hal_uart.o
 .text.HAL_UART_Init
                0x08001e22       0x5e Drivers/STM32F4xx_HAL_Driver/Src/stm32f4xx_hal_uart.o
                0x08001e22                HAL_UART_Init
 .text.HAL_UART_Transmit
                0x08001e80       0xda Drivers/STM32F4xx_HAL_Driver/Src/stm32f4xx_hal_uart.o
                0x08001e80                HAL_UART_Transmit
 .text.HAL_UART_Receive
                0x08001f5a       0xe2 Drivers/STM32F4xx_HAL_Driver/Src/stm32f4xx_hal_uart.o
                0x08001f5a                HAL_UART_Receive
 .text.Reset_Handler
                0x0800203c       0x50 startup/startup_stm32f407xx.o
                0x0800203c                Reset_Handler
 .text.Default_Handler
                0x0800208c        0x2 startup/startup_stm32f407xx.o
                0x0800208c                RTC_Alarm_IRQHandler
                0x0800208c                HASH_RNG_IRQHandler
                0x0800208c                EXTI2_IRQHandler
                0x0800208c                TIM8_CC_IRQHandler
                0x0800208c                TIM1_CC_IRQHandler
                0x0800208c                DMA2_Stream5_IRQHandler
                0x0800208c                DMA1_Stream5_IRQHandler
                0x0800208c                PVD_IRQHandler
                0x0800208c                SDIO_IRQHandler
                0x0800208c                TAMP_STAMP_IRQHandler
                0x0800208c                CAN2_RX1_IRQHandler
                0x0800208c                EXTI3_IRQHandler
                0x0800208c                TIM8_TRG_COM_TIM14_IRQHandler
                0x0800208c                TIM1_UP_TIM10_IRQHandler
                0x0800208c                TIM8_UP_TIM13_IRQHandler
                0x0800208c                I2C3_ER_IRQHandler
                0x0800208c                EXTI0_IRQHandler
                0x0800208c                I2C2_EV_IRQHandler
                0x0800208c                DMA1_Stream2_IRQHandler
                0x0800208c                CAN1_RX0_IRQHandler
                0x0800208c                FPU_IRQHandler
                0x0800208c                OTG_HS_WKUP_IRQHandler
                0x0800208c                CAN2_SCE_IRQHandler
                0x0800208c                DMA2_Stream2_IRQHandler
                0x0800208c                SPI1_IRQHandler
                0x0800208c                TIM6_DAC_IRQHandler
                0x0800208c                TIM1_BRK_TIM9_IRQHandler
                0x0800208c                DCMI_IRQHandler
                0x0800208c                CAN2_RX0_IRQHandler
                0x0800208c                DMA2_Stream3_IRQHandler
                0x0800208c                USART6_IRQHandler
                0x0800208c                USART3_IRQHandler
                0x0800208c                CAN1_RX1_IRQHandler
                0x0800208c                UART5_IRQHandler
                0x0800208c                DMA2_Stream0_IRQHandler
                0x0800208c                TIM4_IRQHandler
                0x0800208c                I2C1_EV_IRQHandler
                0x0800208c                DMA1_Stream6_IRQHandler
                0x0800208c                DMA1_Stream1_IRQHandler
                0x0800208c                UART4_IRQHandler
                0x0800208c                TIM3_IRQHandler
                0x0800208c                RCC_IRQHandler
                0x0800208c                TIM8_BRK_TIM12_IRQHandler
                0x0800208c                Default_Handler
                0x0800208c                EXTI15_10_IRQHandler
                0x0800208c                ADC_IRQHandler
                0x0800208c                DMA1_Stream7_IRQHandler
                0x0800208c                TIM7_IRQHandler
                0x0800208c                CAN2_TX_IRQHandler
                0x0800208c                TIM5_IRQHandler
                0x0800208c                DMA2_Stream7_IRQHandler
                0x0800208c                I2C3_EV_IRQHandler
                0x0800208c                EXTI9_5_IRQHandler
                0x0800208c                RTC_WKUP_IRQHandler
                0x0800208c                ETH_WKUP_IRQHandler
                0x0800208c                SPI2_IRQHandler
                0x0800208c                OTG_HS_EP1_IN_IRQHandler
                0x0800208c                DMA1_Stream0_IRQHandler
                0x0800208c                CAN1_TX_IRQHandler
                0x0800208c                EXTI4_IRQHandler
                0x0800208c                FSMC_IRQHandler
                0x0800208c                ETH_IRQHandler
                0x0800208c                OTG_HS_EP1_OUT_IRQHandler
                0x0800208c                WWDG_IRQHandler
                0x0800208c                TIM2_IRQHandler
                0x0800208c                OTG_FS_WKUP_IRQHandler
                0x0800208c                TIM1_TRG_COM_TIM11_IRQHandler
                0x0800208c                OTG_HS_IRQHandler
                0x0800208c                EXTI1_IRQHandler
                0x0800208c                USART2_IRQHandler
                0x0800208c                I2C2_ER_IRQHandler
                0x0800208c                DMA2_Stream1_IRQHandler
                0x0800208c                CAN1_SCE_IRQHandler
                0x0800208c                FLASH_IRQHandler
                0x0800208c                DMA2_Stream4_IRQHandler
                0x0800208c                USART1_IRQHandler
                0x0800208c                OTG_FS_IRQHandler
                0x0800208c                SPI3_IRQHandler
                0x0800208c                DMA1_Stream4_IRQHandler
                0x0800208c                I2C1_ER_IRQHandler
                0x0800208c                DMA2_Stream6_IRQHandler
                0x0800208c                DMA1_Stream3_IRQHandler
 *fill*         0x0800208e        0x2 
 .text.__errno  0x08002090        0xc c:/ac6/systemworkbench/plugins/fr.ac6.mcu.externaltools.arm-none.win32_1.17.0.201812190825/tools/compiler/bin/../lib/gcc/arm-none-eabi/7.3.1/../../../../arm-none-eabi/lib/thumb/v7e-m/fpv4-sp/hard\libc_nano.a(lib_a-errno.o)
                0x08002090                __errno
 .text.__libc_init_array
                0x0800209c       0x48 c:/ac6/systemworkbench/plugins/fr.ac6.mcu.externaltools.arm-none.win32_1.17.0.201812190825/tools/compiler/bin/../lib/gcc/arm-none-eabi/7.3.1/../../../../arm-none-eabi/lib/thumb/v7e-m/fpv4-sp/hard\libc_nano.a(lib_a-init.o)
                0x0800209c                __libc_init_array
 .text.memset   0x080020e4       0x10 c:/ac6/systemworkbench/plugins/fr.ac6.mcu.externaltools.arm-none.win32_1.17.0.201812190825/tools/compiler/bin/../lib/gcc/arm-none-eabi/7.3.1/../../../../arm-none-eabi/lib/thumb/v7e-m/fpv4-sp/hard\libc_nano.a(lib_a-memset.o)
                0x080020e4                memset
 .text._vsprintf_r
                0x080020f4       0x2c c:/ac6/systemworkbench/plugins/fr.ac6.mcu.externaltools.arm-none.win32_1.17.0.201812190825/tools/compiler/bin/../lib/gcc/arm-none-eabi/7.3.1/../../../../arm-none-eabi/lib/thumb/v7e-m/fpv4-sp/hard\libc_nano.a(lib_a-vsprintf.o)
                0x080020f4                _vsprintf_r
                0x080020f4                _vsiprintf_r
 .text.vsprintf
                0x08002120       0x14 c:/ac6/systemworkbench/plugins/fr.ac6.mcu.externaltools.arm-none.win32_1.17.0.201812190825/tools/compiler/bin/../lib/gcc/arm-none-eabi/7.3.1/../../../../arm-none-eabi/lib/thumb/v7e-m/fpv4-sp/hard\libc_nano.a(lib_a-vsprintf.o)
                0x08002120                vsiprintf
                0x08002120                vsprintf
 .text.__ssputs_r
                0x08002134       0xb4 c:/ac6/systemworkbench/plugins/fr.ac6.mcu.externaltools.arm-none.win32_1.17.0.201812190825/tools/compiler/bin/../lib/gcc/arm-none-eabi/7.3.1/../../../../arm-none-eabi/lib/thumb/v7e-m/fpv4-sp/hard\libc_nano.a(lib_a-nano-svfprintf.o)
                0x08002134                __ssputs_r
 .text._svfprintf_r
                0x080021e8      0x1f0 c:/ac6/systemworkbench/plugins/fr.ac6.mcu.externaltools.arm-none.win32_1.17.0.201812190825/tools/compiler/bin/../lib/gcc/arm-none-eabi/7.3.1/../../../../arm-none-eabi/lib/thumb/v7e-m/fpv4-sp/hard\libc_nano.a(lib_a-nano-svfprintf.o)
                0x080021e8                _svfiprintf_r
                0x080021e8                _svfprintf_r
 .text._printf_common
                0x080023d8       0xea c:/ac6/systemworkbench/plugins/fr.ac6.mcu.externaltools.arm-none.win32_1.17.0.201812190825/tools/compiler/bin/../lib/gcc/arm-none-eabi/7.3.1/../../../../arm-none-eabi/lib/thumb/v7e-m/fpv4-sp/hard\libc_nano.a(lib_a-nano-vfprintf_i.o)
                0x080023d8                _printf_common
 *fill*         0x080024c2        0x2 
 .text._printf_i
                0x080024c4      0x224 c:/ac6/systemworkbench/plugins/fr.ac6.mcu.externaltools.arm-none.win32_1.17.0.201812190825/tools/compiler/bin/../lib/gcc/arm-none-eabi/7.3.1/../../../../arm-none-eabi/lib/thumb/v7e-m/fpv4-sp/hard\libc_nano.a(lib_a-nano-vfprintf_i.o)
                0x080024c4                _printf_i
 .text.memcpy   0x080026e8       0x16 c:/ac6/systemworkbench/plugins/fr.ac6.mcu.externaltools.arm-none.win32_1.17.0.201812190825/tools/compiler/bin/../lib/gcc/arm-none-eabi/7.3.1/../../../../arm-none-eabi/lib/thumb/v7e-m/fpv4-sp/hard\libc_nano.a(lib_a-memcpy-stub.o)
                0x080026e8                memcpy
 .text.memmove  0x080026fe       0x32 c:/ac6/systemworkbench/plugins/fr.ac6.mcu.externaltools.arm-none.win32_1.17.0.201812190825/tools/compiler/bin/../lib/gcc/arm-none-eabi/7.3.1/../../../../arm-none-eabi/lib/thumb/v7e-m/fpv4-sp/hard\libc_nano.a(lib_a-memmove.o)
                0x080026fe                memmove
 .text._free_r  0x08002730       0x9c c:/ac6/systemworkbench/plugins/fr.ac6.mcu.externaltools.arm-none.win32_1.17.0.201812190825/tools/compiler/bin/../lib/gcc/arm-none-eabi/7.3.1/../../../../arm-none-eabi/lib/thumb/v7e-m/fpv4-sp/hard\libc_nano.a(lib_a-nano-freer.o)
                0x08002730                _free_r
 .text._malloc_r
                0x080027cc       0xb4 c:/ac6/systemworkbench/plugins/fr.ac6.mcu.externaltools.arm-none.win32_1.17.0.201812190825/tools/compiler/bin/../lib/gcc/arm-none-eabi/7.3.1/../../../../arm-none-eabi/lib/thumb/v7e-m/fpv4-sp/hard\libc_nano.a(lib_a-nano-mallocr.o)
                0x080027cc                _malloc_r
 .text._realloc_r
                0x08002880       0x4c c:/ac6/systemworkbench/plugins/fr.ac6.mcu.externaltools.arm-none.win32_1.17.0.201812190825/tools/compiler/bin/../lib/gcc/arm-none-eabi/7.3.1/../../../../arm-none-eabi/lib/thumb/v7e-m/fpv4-sp/hard\libc_nano.a(lib_a-nano-reallocr.o)
                0x08002880                _realloc_r
 .text._sbrk_r  0x080028cc       0x20 c:/ac6/systemworkbench/plugins/fr.ac6.mcu.externaltools.arm-none.win32_1.17.0.201812190825/tools/compiler/bin/../lib/gcc/arm-none-eabi/7.3.1/../../../../arm-none-eabi/lib/thumb/v7e-m/fpv4-sp/hard\libc_nano.a(lib_a-sbrkr.o)
                0x080028cc                _sbrk_r
 .text.__malloc_lock
                0x080028ec        0x2 c:/ac6/systemworkbench/plugins/fr.ac6.mcu.externaltools.arm-none.win32_1.17.0.201812190825/tools/compiler/bin/../lib/gcc/arm-none-eabi/7.3.1/../../../../arm-none-eabi/lib/thumb/v7e-m/fpv4-sp/hard\libc_nano.a(lib_a-mlock.o)
                0x080028ec                __malloc_lock
 .text.__malloc_unlock
                0x080028ee        0x2 c:/ac6/systemworkbench/plugins/fr.ac6.mcu.externaltools.arm-none.win32_1.17.0.201812190825/tools/compiler/bin/../lib/gcc/arm-none-eabi/7.3.1/../../../../arm-none-eabi/lib/thumb/v7e-m/fpv4-sp/hard\libc_nano.a(lib_a-mlock.o)
                0x080028ee                __malloc_unlock
 .text._malloc_usable_size_r
                0x080028f0       0x10 c:/ac6/systemworkbench/plugins/fr.ac6.mcu.externaltools.arm-none.win32_1.17.0.201812190825/tools/compiler/bin/../lib/gcc/arm-none-eabi/7.3.1/../../../../arm-none-eabi/lib/thumb/v7e-m/fpv4-sp/hard\libc_nano.a(lib_a-nano-msizer.o)
                0x080028f0                _malloc_usable_size_r
 *(.glue_7)
 .glue_7        0x08002900        0x0 linker stubs
 *(.glue_7t)
 .glue_7t       0x08002900        0x0 linker stubs
 *(.eh_frame)
 .eh_frame      0x08002900        0x0 c:/ac6/systemworkbench/plugins/fr.ac6.mcu.externaltools.arm-none.win32_1.17.0.201812190825/tools/compiler/bin/../lib/gcc/arm-none-eabi/7.3.1/thumb/v7e-m/fpv4-sp/hard/crtbegin.o
 *(.init)
 .init          0x08002900        0x4 c:/ac6/systemworkbench/plugins/fr.ac6.mcu.externaltools.arm-none.win32_1.17.0.201812190825/tools/compiler/bin/../lib/gcc/arm-none-eabi/7.3.1/thumb/v7e-m/fpv4-sp/hard/crti.o
                0x08002900                _init
 .init          0x08002904        0x8 c:/ac6/systemworkbench/plugins/fr.ac6.mcu.externaltools.arm-none.win32_1.17.0.201812190825/tools/compiler/bin/../lib/gcc/arm-none-eabi/7.3.1/thumb/v7e-m/fpv4-sp/hard/crtn.o
 *(.fini)
 .fini          0x0800290c        0x4 c:/ac6/systemworkbench/plugins/fr.ac6.mcu.externaltools.arm-none.win32_1.17.0.201812190825/tools/compiler/bin/../lib/gcc/arm-none-eabi/7.3.1/thumb/v7e-m/fpv4-sp/hard/crti.o
                0x0800290c                _fini
 .fini          0x08002910        0x8 c:/ac6/systemworkbench/plugins/fr.ac6.mcu.externaltools.arm-none.win32_1.17.0.201812190825/tools/compiler/bin/../lib/gcc/arm-none-eabi/7.3.1/thumb/v7e-m/fpv4-sp/hard/crtn.o
                0x08002918                . = ALIGN (0x4)
                0x08002918                _etext = .

.vfp11_veneer   0x08002918        0x0
 .vfp11_veneer  0x08002918        0x0 linker stubs

.v4_bx          0x08002918        0x0
 .v4_bx         0x08002918        0x0 linker stubs

.iplt           0x08002918        0x0
 .iplt          0x08002918        0x0 c:/ac6/systemworkbench/plugins/fr.ac6.mcu.externaltools.arm-none.win32_1.17.0.201812190825/tools/compiler/bin/../lib/gcc/arm-none-eabi/7.3.1/thumb/v7e-m/fpv4-sp/hard/crtbegin.o

.rodata         0x08002918      0x4c8
                0x08002918                . = ALIGN (0x4)
 *(.rodata)
 .rodata        0x08002918       0x18 Core/Src/system_stm32f4xx.o
                0x08002918                AHBPrescTable
                0x08002928                APBPrescTable
 *(.rodata*)
 .rodata.str1.4
                0x08002930      0x47c Core/Src/main.o
                                0x479 (size before relaxing)
 .rodata._svfprintf_r.str1.1
                0x08002dac       0x11 c:/ac6/systemworkbench/plugins/fr.ac6.mcu.externaltools.arm-none.win32_1.17.0.201812190825/tools/compiler/bin/../lib/gcc/arm-none-eabi/7.3.1/../../../../arm-none-eabi/lib/thumb/v7e-m/fpv4-sp/hard\libc_nano.a(lib_a-nano-svfprintf.o)
 .rodata._printf_i.str1.1
                0x08002dbd       0x22 c:/ac6/systemworkbench/plugins/fr.ac6.mcu.externaltools.arm-none.win32_1.17.0.201812190825/tools/compiler/bin/../lib/gcc/arm-none-eabi/7.3.1/../../../../arm-none-eabi/lib/thumb/v7e-m/fpv4-sp/hard\libc_nano.a(lib_a-nano-vfprintf_i.o)
                0x08002de0                . = ALIGN (0x4)
 *fill*         0x08002ddf        0x1 

.ARM.extab
 *(.ARM.extab* .gnu.linkonce.armextab.*)

.ARM            0x08002de0        0x8
                0x08002de0                __exidx_start = .
 *(.ARM.exidx*)
 .ARM.exidx     0x08002de0        0x8 c:/ac6/systemworkbench/plugins/fr.ac6.mcu.externaltools.arm-none.win32_1.17.0.201812190825/tools/compiler/bin/../lib/gcc/arm-none-eabi/7.3.1/thumb/v7e-m/fpv4-sp/hard\libgcc.a(_udivmoddi4.o)
                0x08002de8                __exidx_end = .

.rel.dyn        0x08002de8        0x0
 .rel.iplt      0x08002de8        0x0 c:/ac6/systemworkbench/plugins/fr.ac6.mcu.externaltools.arm-none.win32_1.17.0.201812190825/tools/compiler/bin/../lib/gcc/arm-none-eabi/7.3.1/thumb/v7e-m/fpv4-sp/hard/crtbegin.o

.preinit_array  0x08002de8        0x0
                0x08002de8                PROVIDE (__preinit_array_start = .)
 *(.preinit_array*)
                0x08002de8                PROVIDE (__preinit_array_end = .)

.init_array     0x08002de8        0x4
                0x08002de8                PROVIDE (__init_array_start = .)
 *(SORT_BY_NAME(.init_array.*))
 *(.init_array*)
 .init_array    0x08002de8        0x4 c:/ac6/systemworkbench/plugins/fr.ac6.mcu.externaltools.arm-none.win32_1.17.0.201812190825/tools/compiler/bin/../lib/gcc/arm-none-eabi/7.3.1/thumb/v7e-m/fpv4-sp/hard/crtbegin.o
                0x08002dec                PROVIDE (__init_array_end = .)

.fini_array     0x08002dec        0x4
                [!provide]                PROVIDE (__fini_array_start = .)
 *(SORT_BY_NAME(.fini_array.*))
 *(.fini_array*)
 .fini_array    0x08002dec        0x4 c:/ac6/systemworkbench/plugins/fr.ac6.mcu.externaltools.arm-none.win32_1.17.0.201812190825/tools/compiler/bin/../lib/gcc/arm-none-eabi/7.3.1/thumb/v7e-m/fpv4-sp/hard/crtbegin.o
                [!provide]                PROVIDE (__fini_array_end = .)
                0x08002df0                _sidata = LOADADDR (.data)

.data           0x20000000       0x78 load address 0x08002df0
                0x20000000                . = ALIGN (0x4)
                0x20000000                _sdata = .
 *(.data)
 .data          0x20000000        0x8 Core/Src/main.o
                0x20000000                Supported_Commands
 .data          0x20000008        0x4 Core/Src/system_stm32f4xx.o
                0x20000008                SystemCoreClock
 .data          0x2000000c        0x8 Drivers/STM32F4xx_HAL_Driver/Src/stm32f4xx_hal.o
                0x2000000c                uwTickFreq
                0x20000010                uwTickPrio
 *(.data*)
 .data._impure_ptr
                0x20000014        0x4 c:/ac6/systemworkbench/plugins/fr.ac6.mcu.externaltools.arm-none.win32_1.17.0.201812190825/tools/compiler/bin/../lib/gcc/arm-none-eabi/7.3.1/../../../../arm-none-eabi/lib/thumb/v7e-m/fpv4-sp/hard\libc_nano.a(lib_a-impure.o)
                0x20000014                _impure_ptr
 .data.impure_data
                0x20000018       0x60 c:/ac6/systemworkbench/plugins/fr.ac6.mcu.externaltools.arm-none.win32_1.17.0.201812190825/tools/compiler/bin/../lib/gcc/arm-none-eabi/7.3.1/../../../../arm-none-eabi/lib/thumb/v7e-m/fpv4-sp/hard\libc_nano.a(lib_a-impure.o)
                0x20000078                . = ALIGN (0x4)
                0x20000078                _edata = .
                0x08002e68                _siccmram = LOADADDR (.ccmram)

.igot.plt       0x20000078        0x0 load address 0x08002e68
 .igot.plt      0x20000078        0x0 c:/ac6/systemworkbench/plugins/fr.ac6.mcu.externaltools.arm-none.win32_1.17.0.201812190825/tools/compiler/bin/../lib/gcc/arm-none-eabi/7.3.1/thumb/v7e-m/fpv4-sp/hard/crtbegin.o

.ccmram         0x10000000        0x0 load address 0x08002e68
                0x10000000                . = ALIGN (0x4)
                0x10000000                _sccmram = .
 *(.ccmram)
 *(.ccmram*)
                0x10000000                . = ALIGN (0x4)
                0x10000000                _eccmram = .
                0x10000000                . = ALIGN (0x4)

.bss            0x20000078      0x168
                0x20000078                _sbss = .
                0x20000078                __bss_start__ = _sbss
 *(.bss)
 .bss           0x20000078       0x1c c:/ac6/systemworkbench/plugins/fr.ac6.mcu.externaltools.arm-none.win32_1.17.0.201812190825/tools/compiler/bin/../lib/gcc/arm-none-eabi/7.3.1/thumb/v7e-m/fpv4-sp/hard/crtbegin.o
 .bss           0x20000094        0x8 Core/Src/syscalls.o
                0x20000098                __env
 *(.bss*)
 .bss.__malloc_free_list
                0x2000009c        0x4 c:/ac6/systemworkbench/plugins/fr.ac6.mcu.externaltools.arm-none.win32_1.17.0.201812190825/tools/compiler/bin/../lib/gcc/arm-none-eabi/7.3.1/../../../../arm-none-eabi/lib/thumb/v7e-m/fpv4-sp/hard\libc_nano.a(lib_a-nano-mallocr.o)
                0x2000009c                __malloc_free_list
 .bss.__malloc_sbrk_start
                0x200000a0        0x4 c:/ac6/systemworkbench/plugins/fr.ac6.mcu.externaltools.arm-none.win32_1.17.0.201812190825/tools/compiler/bin/../lib/gcc/arm-none-eabi/7.3.1/../../../../arm-none-eabi/lib/thumb/v7e-m/fpv4-sp/hard\libc_nano.a(lib_a-nano-mallocr.o)
                0x200000a0                __malloc_sbrk_start
 *(COMMON)
 COMMON         0x200000a4      0x114 Core/Src/main.o
                0x200000a4                Bl_RX_Buffer
                0x2000016c                hcrc
                0x20000174                huart2
 COMMON         0x200001b8        0x4 Drivers/STM32F4xx_HAL_Driver/Src/stm32f4xx_hal.o
                0x200001b8                uwTick
 COMMON         0x200001bc       0x20 Drivers/STM32F4xx_HAL_Driver/Src/stm32f4xx_hal_flash.o
                0x200001bc                pFlash
 COMMON         0x200001dc        0x4 c:/ac6/systemworkbench/plugins/fr.ac6.mcu.externaltools.arm-none.win32_1.17.0.201812190825/tools/compiler/bin/../lib/gcc/arm-none-eabi/7.3.1/../../../../arm-none-eabi/lib/thumb/v7e-m/fpv4-sp/hard\libc_nano.a(lib_a-reent.o)
                0x200001dc                errno
                0x200001e0                . = ALIGN (0x4)
                0x200001e0                _ebss = .
                0x200001e0                __bss_end__ = _ebss

._user_heap_stack
                0x200001e0      0x600
                0x200001e0                . = ALIGN (0x8)
                0x200001e0                PROVIDE (end = .)
                [!provide]                PROVIDE (_end = .)
                0x200003e0                . = (. + _Min_Heap_Size)
 *fill*         0x200001e0      0x200 
                0x200007e0                . = (. + _Min_Stack_Size)
 *fill*         0x200003e0      0x400 
                0x200007e0                . = ALIGN (0x8)

/DISCARD/
 libc.a(*)
 libm.a(*)
 libgcc.a(*)

.ARM.attributes
                0x00000000       0x30
 *(.ARM.attributes)
 .ARM.attributes
                0x00000000       0x22 c:/ac6/systemworkbench/plugins/fr.ac6.mcu.externaltools.arm-none.win32_1.17.0.201812190825/tools/compiler/bin/../lib/gcc/arm-none-eabi/7.3.1/thumb/v7e-m/fpv4-sp/hard/crti.o
 .ARM.attributes
                0x00000022       0x34 c:/ac6/systemworkbench/plugins/fr.ac6.mcu.externaltools.arm-none.win32_1.17.0.201812190825/tools/compiler/bin/../lib/gcc/arm-none-eabi/7.3.1/thumb/v7e-m/fpv4-sp/hard/crtbegin.o
 .ARM.attributes
                0x00000056       0x39 Core/Src/main.o
 .ARM.attributes
                0x0000008f       0x39 Core/Src/stm32f4xx_hal_msp.o
 .ARM.attributes
                0x000000c8       0x39 Core/Src/stm32f4xx_it.o
 .ARM.attributes
                0x00000101       0x39 Core/Src/syscalls.o
 .ARM.attributes
                0x0000013a       0x39 Core/Src/system_stm32f4xx.o
 .ARM.attributes
                0x00000173       0x39 Drivers/STM32F4xx_HAL_Driver/Src/stm32f4xx_hal.o
 .ARM.attributes
                0x000001ac       0x39 Drivers/STM32F4xx_HAL_Driver/Src/stm32f4xx_hal_cortex.o
 .ARM.attributes
                0x000001e5       0x39 Drivers/STM32F4xx_HAL_Driver/Src/stm32f4xx_hal_crc.o
 .ARM.attributes
                0x0000021e       0x39 Drivers/STM32F4xx_HAL_Driver/Src/stm32f4xx_hal_flash.o
 .ARM.attributes
                0x00000257       0x39 Drivers/STM32F4xx_HAL_Driver/Src/stm32f4xx_hal_flash_ex.o
 .ARM.attributes
                0x00000290       0x39 Drivers/STM32F4xx_HAL_Driver/Src/stm32f4xx_hal_gpio.o
 .ARM.attributes
                0x000002c9       0x39 Drivers/STM32F4xx_HAL_Driver/Src/stm32f4xx_hal_rcc.o
 .ARM.attributes
                0x00000302       0x39 Drivers/STM32F4xx_HAL_Driver/Src/stm32f4xx_hal_uart.o
 .ARM.attributes
                0x0000033b       0x21 startup/startup_stm32f407xx.o
 .ARM.attributes
                0x0000035c       0x22 c:/ac6/systemworkbench/plugins/fr.ac6.mcu.externaltools.arm-none.win32_1.17.0.201812190825/tools/compiler/bin/../lib/gcc/arm-none-eabi/7.3.1/thumb/v7e-m/fpv4-sp/hard\libgcc.a(_aeabi_uldivmod.o)
 .ARM.attributes
                0x0000037e       0x34 c:/ac6/systemworkbench/plugins/fr.ac6.mcu.externaltools.arm-none.win32_1.17.0.201812190825/tools/compiler/bin/../lib/gcc/arm-none-eabi/7.3.1/thumb/v7e-m/fpv4-sp/hard\libgcc.a(_udivmoddi4.o)
 .ARM.attributes
                0x000003b2       0x22 c:/ac6/systemworkbench/plugins/fr.ac6.mcu.externaltools.arm-none.win32_1.17.0.201812190825/tools/compiler/bin/../lib/gcc/arm-none-eabi/7.3.1/thumb/v7e-m/fpv4-sp/hard\libgcc.a(_dvmd_tls.o)
 .ARM.attributes
                0x000003d4       0x34 c:/ac6/systemworkbench/plugins/fr.ac6.mcu.externaltools.arm-none.win32_1.17.0.201812190825/tools/compiler/bin/../lib/gcc/arm-none-eabi/7.3.1/../../../../arm-none-eabi/lib/thumb/v7e-m/fpv4-sp/hard\libc_nano.a(lib_a-errno.o)
 .ARM.attributes
                0x00000408       0x34 c:/ac6/systemworkbench/plugins/fr.ac6.mcu.externaltools.arm-none.win32_1.17.0.201812190825/tools/compiler/bin/../lib/gcc/arm-none-eabi/7.3.1/../../../../arm-none-eabi/lib/thumb/v7e-m/fpv4-sp/hard\libc_nano.a(lib_a-impure.o)
 .ARM.attributes
                0x0000043c       0x34 c:/ac6/systemworkbench/plugins/fr.ac6.mcu.externaltools.arm-none.win32_1.17.0.201812190825/tools/compiler/bin/../lib/gcc/arm-none-eabi/7.3.1/../../../../arm-none-eabi/lib/thumb/v7e-m/fpv4-sp/hard\libc_nano.a(lib_a-init.o)
 .ARM.attributes
                0x00000470       0x34 c:/ac6/systemworkbench/plugins/fr.ac6.mcu.externaltools.arm-none.win32_1.17.0.201812190825/tools/compiler/bin/../lib/gcc/arm-none-eabi/7.3.1/../../../../arm-none-eabi/lib/thumb/v7e-m/fpv4-sp/hard\libc_nano.a(lib_a-memset.o)
 .ARM.attributes
                0x000004a4       0x34 c:/ac6/systemworkbench/plugins/fr.ac6.mcu.externaltools.arm-none.win32_1.17.0.201812190825/tools/compiler/bin/../lib/gcc/arm-none-eabi/7.3.1/../../../../arm-none-eabi/lib/thumb/v7e-m/fpv4-sp/hard\libc_nano.a(lib_a-vsprintf.o)
 .ARM.attributes
                0x000004d8       0x34 c:/ac6/systemworkbench/plugins/fr.ac6.mcu.externaltools.arm-none.win32_1.17.0.201812190825/tools/compiler/bin/../lib/gcc/arm-none-eabi/7.3.1/../../../../arm-none-eabi/lib/thumb/v7e-m/fpv4-sp/hard\libc_nano.a(lib_a-nano-svfprintf.o)
 .ARM.attributes
                0x0000050c       0x34 c:/ac6/systemworkbench/plugins/fr.ac6.mcu.externaltools.arm-none.win32_1.17.0.201812190825/tools/compiler/bin/../lib/gcc/arm-none-eabi/7.3.1/../../../../arm-none-eabi/lib/thumb/v7e-m/fpv4-sp/hard\libc_nano.a(lib_a-nano-vfprintf_i.o)
 .ARM.attributes
                0x00000540       0x20 c:/ac6/systemworkbench/plugins/fr.ac6.mcu.externaltools.arm-none.win32_1.17.0.201812190825/tools/compiler/bin/../lib/gcc/arm-none-eabi/7.3.1/../../../../arm-none-eabi/lib/thumb/v7e-m/fpv4-sp/hard\libc_nano.a(lib_a-memchr.o)
 .ARM.attributes
                0x00000560       0x34 c:/ac6/systemworkbench/plugins/fr.ac6.mcu.externaltools.arm-none.win32_1.17.0.201812190825/tools/compiler/bin/../lib/gcc/arm-none-eabi/7.3.1/../../../../arm-none-eabi/lib/thumb/v7e-m/fpv4-sp/hard\libc_nano.a(lib_a-memcpy-stub.o)
 .ARM.attributes
                0x00000594       0x34 c:/ac6/systemworkbench/plugins/fr.ac6.mcu.externaltools.arm-none.win32_1.17.0.201812190825/tools/compiler/bin/../lib/gcc/arm-none-eabi/7.3.1/../../../../arm-none-eabi/lib/thumb/v7e-m/fpv4-sp/hard\libc_nano.a(lib_a-memmove.o)
 .ARM.attributes
                0x000005c8       0x34 c:/ac6/systemworkbench/plugins/fr.ac6.mcu.externaltools.arm-none.win32_1.17.0.201812190825/tools/compiler/bin/../lib/gcc/arm-none-eabi/7.3.1/../../../../arm-none-eabi/lib/thumb/v7e-m/fpv4-sp/hard\libc_nano.a(lib_a-nano-freer.o)
 .ARM.attributes
                0x000005fc       0x34 c:/ac6/systemworkbench/plugins/fr.ac6.mcu.externaltools.arm-none.win32_1.17.0.201812190825/tools/compiler/bin/../lib/gcc/arm-none-eabi/7.3.1/../../../../arm-none-eabi/lib/thumb/v7e-m/fpv4-sp/hard\libc_nano.a(lib_a-nano-mallocr.o)
 .ARM.attributes
                0x00000630       0x34 c:/ac6/systemworkbench/plugins/fr.ac6.mcu.externaltools.arm-none.win32_1.17.0.201812190825/tools/compiler/bin/../lib/gcc/arm-none-eabi/7.3.1/../../../../arm-none-eabi/lib/thumb/v7e-m/fpv4-sp/hard\libc_nano.a(lib_a-nano-reallocr.o)
 .ARM.attributes
                0x00000664       0x34 c:/ac6/systemworkbench/plugins/fr.ac6.mcu.externaltools.arm-none.win32_1.17.0.201812190825/tools/compiler/bin/../lib/gcc/arm-none-eabi/7.3.1/../../../../arm-none-eabi/lib/thumb/v7e-m/fpv4-sp/hard\libc_nano.a(lib_a-sbrkr.o)
 .ARM.attributes
                0x00000698       0x34 c:/ac6/systemworkbench/plugins/fr.ac6.mcu.externaltools.arm-none.win32_1.17.0.201812190825/tools/compiler/bin/../lib/gcc/arm-none-eabi/7.3.1/../../../../arm-none-eabi/lib/thumb/v7e-m/fpv4-sp/hard\libc_nano.a(lib_a-mlock.o)
 .ARM.attributes
                0x000006cc       0x34 c:/ac6/systemworkbench/plugins/fr.ac6.mcu.externaltools.arm-none.win32_1.17.0.201812190825/tools/compiler/bin/../lib/gcc/arm-none-eabi/7.3.1/../../../../arm-none-eabi/lib/thumb/v7e-m/fpv4-sp/hard\libc_nano.a(lib_a-nano-msizer.o)
 .ARM.attributes
                0x00000700       0x34 c:/ac6/systemworkbench/plugins/fr.ac6.mcu.externaltools.arm-none.win32_1.17.0.201812190825/tools/compiler/bin/../lib/gcc/arm-none-eabi/7.3.1/../../../../arm-none-eabi/lib/thumb/v7e-m/fpv4-sp/hard\libc_nano.a(lib_a-reent.o)
 .ARM.attributes
                0x00000734       0x22 c:/ac6/systemworkbench/plugins/fr.ac6.mcu.externaltools.arm-none.win32_1.17.0.201812190825/tools/compiler/bin/../lib/gcc/arm-none-eabi/7.3.1/thumb/v7e-m/fpv4-sp/hard/crtn.o
OUTPUT(STM32F4_CustomBootloader.elf elf32-littlearm)

.debug_info     0x00000000     0xd42f
 .debug_info    0x00000000     0x280d Core/Src/main.o
 .debug_info    0x0000280d     0x1325 Core/Src/stm32f4xx_hal_msp.o
 .debug_info    0x00003b32      0xa45 Core/Src/stm32f4xx_it.o
 .debug_info    0x00004577      0xfd3 Core/Src/syscalls.o
 .debug_info    0x0000554a      0x559 Core/Src/system_stm32f4xx.o
 .debug_info    0x00005aa3      0x9f1 Drivers/STM32F4xx_HAL_Driver/Src/stm32f4xx_hal.o
 .debug_info    0x00006494      0xf8c Drivers/STM32F4xx_HAL_Driver/Src/stm32f4xx_hal_cortex.o
 .debug_info    0x00007420      0x468 Drivers/STM32F4xx_HAL_Driver/Src/stm32f4xx_hal_crc.o
 .debug_info    0x00007888      0x7a7 Drivers/STM32F4xx_HAL_Driver/Src/stm32f4xx_hal_flash.o
 .debug_info    0x0000802f      0x850 Drivers/STM32F4xx_HAL_Driver/Src/stm32f4xx_hal_flash_ex.o
 .debug_info    0x0000887f      0x7d0 Drivers/STM32F4xx_HAL_Driver/Src/stm32f4xx_hal_gpio.o
 .debug_info    0x0000904f      0xa94 Drivers/STM32F4xx_HAL_Driver/Src/stm32f4xx_hal_rcc.o
 .debug_info    0x00009ae3     0x392a Drivers/STM32F4xx_HAL_Driver/Src/stm32f4xx_hal_uart.o
 .debug_info    0x0000d40d       0x22 startup/startup_stm32f407xx.o

.debug_abbrev   0x00000000     0x1f97
 .debug_abbrev  0x00000000      0x439 Core/Src/main.o
 .debug_abbrev  0x00000439      0x256 Core/Src/stm32f4xx_hal_msp.o
 .debug_abbrev  0x0000068f      0x201 Core/Src/stm32f4xx_it.o
 .debug_abbrev  0x00000890      0x2d4 Core/Src/syscalls.o
 .debug_abbrev  0x00000b64      0x12b Core/Src/system_stm32f4xx.o
 .debug_abbrev  0x00000c8f      0x1ed Drivers/STM32F4xx_HAL_Driver/Src/stm32f4xx_hal.o
 .debug_abbrev  0x00000e7c      0x328 Drivers/STM32F4xx_HAL_Driver/Src/stm32f4xx_hal_cortex.o
 .debug_abbrev  0x000011a4      0x1d0 Drivers/STM32F4xx_HAL_Driver/Src/stm32f4xx_hal_crc.o
 .debug_abbrev  0x00001374      0x267 Drivers/STM32F4xx_HAL_Driver/Src/stm32f4xx_hal_flash.o
 .debug_abbrev  0x000015db      0x24a Drivers/STM32F4xx_HAL_Driver/Src/stm32f4xx_hal_flash_ex.o
 .debug_abbrev  0x00001825      0x1e7 Drivers/STM32F4xx_HAL_Driver/Src/stm32f4xx_hal_gpio.o
 .debug_abbrev  0x00001a0c      0x273 Drivers/STM32F4xx_HAL_Driver/Src/stm32f4xx_hal_rcc.o
 .debug_abbrev  0x00001c7f      0x306 Drivers/STM32F4xx_HAL_Driver/Src/stm32f4xx_hal_uart.o
 .debug_abbrev  0x00001f85       0x12 startup/startup_stm32f407xx.o

.debug_loc      0x00000000     0x5afc
 .debug_loc     0x00000000      0x855 Core/Src/main.o
 .debug_loc     0x00000855       0x74 Core/Src/stm32f4xx_hal_msp.o
 .debug_loc     0x000008c9      0x3af Core/Src/syscalls.o
 .debug_loc     0x00000c78      0x13e Core/Src/system_stm32f4xx.o
 .debug_loc     0x00000db6      0x11b Drivers/STM32F4xx_HAL_Driver/Src/stm32f4xx_hal.o
 .debug_loc     0x00000ed1      0x5ce Drivers/STM32F4xx_HAL_Driver/Src/stm32f4xx_hal_cortex.o
 .debug_loc     0x0000149f      0x21b Drivers/STM32F4xx_HAL_Driver/Src/stm32f4xx_hal_crc.o
 .debug_loc     0x000016ba      0x357 Drivers/STM32F4xx_HAL_Driver/Src/stm32f4xx_hal_flash.o
 .debug_loc     0x00001a11      0x50c Drivers/STM32F4xx_HAL_Driver/Src/stm32f4xx_hal_flash_ex.o
 .debug_loc     0x00001f1d      0x475 Drivers/STM32F4xx_HAL_Driver/Src/stm32f4xx_hal_gpio.o
 .debug_loc     0x00002392      0x40f Drivers/STM32F4xx_HAL_Driver/Src/stm32f4xx_hal_rcc.o
 .debug_loc     0x000027a1     0x335b Drivers/STM32F4xx_HAL_Driver/Src/stm32f4xx_hal_uart.o

.debug_aranges  0x00000000      0x8b0
 .debug_aranges
                0x00000000      0x110 Core/Src/main.o
 .debug_aranges
                0x00000110       0x40 Core/Src/stm32f4xx_hal_msp.o
 .debug_aranges
                0x00000150       0x60 Core/Src/stm32f4xx_it.o
 .debug_aranges
                0x000001b0       0xb0 Core/Src/syscalls.o
 .debug_aranges
                0x00000260       0x28 Core/Src/system_stm32f4xx.o
 .debug_aranges
                0x00000288       0xf0 Drivers/STM32F4xx_HAL_Driver/Src/stm32f4xx_hal.o
 .debug_aranges
                0x00000378       0xa8 Drivers/STM32F4xx_HAL_Driver/Src/stm32f4xx_hal_cortex.o
 .debug_aranges
                0x00000420       0x50 Drivers/STM32F4xx_HAL_Driver/Src/stm32f4xx_hal_crc.o
 .debug_aranges
                0x00000470       0xa0 Drivers/STM32F4xx_HAL_Driver/Src/stm32f4xx_hal_flash.o
 .debug_aranges
                0x00000510       0x98 Drivers/STM32F4xx_HAL_Driver/Src/stm32f4xx_hal_flash_ex.o
 .debug_aranges
                0x000005a8       0x58 Drivers/STM32F4xx_HAL_Driver/Src/stm32f4xx_hal_gpio.o
 .debug_aranges
                0x00000600       0x88 Drivers/STM32F4xx_HAL_Driver/Src/stm32f4xx_hal_rcc.o
 .debug_aranges
                0x00000688      0x200 Drivers/STM32F4xx_HAL_Driver/Src/stm32f4xx_hal_uart.o
 .debug_aranges
                0x00000888       0x28 startup/startup_stm32f407xx.o

.debug_ranges   0x00000000      0x898
 .debug_ranges  0x00000000      0x130 Core/Src/main.o
 .debug_ranges  0x00000130       0x30 Core/Src/stm32f4xx_hal_msp.o
 .debug_ranges  0x00000160       0x50 Core/Src/stm32f4xx_it.o
 .debug_ranges  0x000001b0       0xa0 Core/Src/syscalls.o
 .debug_ranges  0x00000250       0x18 Core/Src/system_stm32f4xx.o
 .debug_ranges  0x00000268       0xe0 Drivers/STM32F4xx_HAL_Driver/Src/stm32f4xx_hal.o
 .debug_ranges  0x00000348       0xf8 Drivers/STM32F4xx_HAL_Driver/Src/stm32f4xx_hal_cortex.o
 .debug_ranges  0x00000440       0x40 Drivers/STM32F4xx_HAL_Driver/Src/stm32f4xx_hal_crc.o
 .debug_ranges  0x00000480       0x90 Drivers/STM32F4xx_HAL_Driver/Src/stm32f4xx_hal_flash.o
 .debug_ranges  0x00000510       0x88 Drivers/STM32F4xx_HAL_Driver/Src/stm32f4xx_hal_flash_ex.o
 .debug_ranges  0x00000598       0x48 Drivers/STM32F4xx_HAL_Driver/Src/stm32f4xx_hal_gpio.o
 .debug_ranges  0x000005e0       0x90 Drivers/STM32F4xx_HAL_Driver/Src/stm32f4xx_hal_rcc.o
 .debug_ranges  0x00000670      0x208 Drivers/STM32F4xx_HAL_Driver/Src/stm32f4xx_hal_uart.o
 .debug_ranges  0x00000878       0x20 startup/startup_stm32f407xx.o

.debug_macro    0x00000000    0x21401
 .debug_macro   0x00000000      0x35d Core/Src/main.o
 .debug_macro   0x0000035d      0xa54 Core/Src/main.o
 .debug_macro   0x00000db1       0x22 Core/Src/main.o
 .debug_macro   0x00000dd3       0x58 Core/Src/main.o
 .debug_macro   0x00000e2b       0x18 Core/Src/main.o
 .debug_macro   0x00000e43       0x94 Core/Src/main.o
 .debug_macro   0x00000ed7       0x35 Core/Src/main.o
 .debug_macro   0x00000f0c       0x34 Core/Src/main.o
 .debug_macro   0x00000f40       0x16 Core/Src/main.o
 .debug_macro   0x00000f56       0x57 Core/Src/main.o
 .debug_macro   0x00000fad       0x97 Core/Src/main.o
 .debug_macro   0x00001044      0x330 Core/Src/main.o
 .debug_macro   0x00001374       0xfd Core/Src/main.o
 .debug_macro   0x00001471       0x10 Core/Src/main.o
 .debug_macro   0x00001481       0x58 Core/Src/main.o
 .debug_macro   0x000014d9       0x1f Core/Src/main.o
 .debug_macro   0x000014f8       0x43 Core/Src/main.o
 .debug_macro   0x0000153b       0x20 Core/Src/main.o
 .debug_macro   0x0000155b      0x18e Core/Src/main.o
 .debug_macro   0x000016e9       0x10 Core/Src/main.o
 .debug_macro   0x000016f9       0x6a Core/Src/main.o
 .debug_macro   0x00001763       0x1c Core/Src/main.o
 .debug_macro   0x0000177f       0x52 Core/Src/main.o
 .debug_macro   0x000017d1       0x40 Core/Src/main.o
 .debug_macro   0x00001811       0x10 Core/Src/main.o
 .debug_macro   0x00001821       0x40 Core/Src/main.o
 .debug_macro   0x00001861       0xd7 Core/Src/main.o
 .debug_macro   0x00001938       0x1c Core/Src/main.o
 .debug_macro   0x00001954       0x3d Core/Src/main.o
 .debug_macro   0x00001991       0x16 Core/Src/main.o
 .debug_macro   0x000019a7      0x16f Core/Src/main.o
 .debug_macro   0x00001b16       0x16 Core/Src/main.o
 .debug_macro   0x00001b2c       0x35 Core/Src/main.o
 .debug_macro   0x00001b61       0x4c Core/Src/main.o
 .debug_macro   0x00001bad      0x29b Core/Src/main.o
 .debug_macro   0x00001e48       0x2e Core/Src/main.o
 .debug_macro   0x00001e76       0x2f Core/Src/main.o
 .debug_macro   0x00001ea5       0xef Core/Src/main.o
 .debug_macro   0x00001f94      0x1df Core/Src/main.o
 .debug_macro   0x00002173       0x1c Core/Src/main.o
 .debug_macro   0x0000218f       0x22 Core/Src/main.o
 .debug_macro   0x000021b1       0xd9 Core/Src/main.o
 .debug_macro   0x0000228a     0x102d Core/Src/main.o
 .debug_macro   0x000032b7      0x11f Core/Src/main.o
 .debug_macro   0x000033d6    0x15e58 Core/Src/main.o
 .debug_macro   0x0001922e       0x6d Core/Src/main.o
 .debug_macro   0x0001929b     0x3666 Core/Src/main.o
 .debug_macro   0x0001c901       0x56 Core/Src/main.o
 .debug_macro   0x0001c957      0x96b Core/Src/main.o
 .debug_macro   0x0001d2c2      0x9fe Core/Src/main.o
 .debug_macro   0x0001dcc0      0x116 Core/Src/main.o
 .debug_macro   0x0001ddd6      0x13e Core/Src/main.o
 .debug_macro   0x0001df14       0xa5 Core/Src/main.o
 .debug_macro   0x0001dfb9      0x174 Core/Src/main.o
 .debug_macro   0x0001e12d      0x287 Core/Src/main.o
 .debug_macro   0x0001e3b4       0x5f Core/Src/main.o
 .debug_macro   0x0001e413      0x236 Core/Src/main.o
 .debug_macro   0x0001e649       0x22 Core/Src/main.o
 .debug_macro   0x0001e66b      0x12c Core/Src/main.o
 .debug_macro   0x0001e797      0x21e Core/Src/main.o
 .debug_macro   0x0001e9b5       0x2e Core/Src/main.o
 .debug_macro   0x0001e9e3      0x11a Core/Src/main.o
 .debug_macro   0x0001eafd       0x7e Core/Src/main.o
 .debug_macro   0x0001eb7b       0x89 Core/Src/main.o
 .debug_macro   0x0001ec04      0x295 Core/Src/main.o
 .debug_macro   0x0001ee99      0x12d Core/Src/main.o
 .debug_macro   0x0001efc6       0xb7 Core/Src/main.o
 .debug_macro   0x0001f07d      0x357 Core/Src/stm32f4xx_hal_msp.o
 .debug_macro   0x0001f3d4      0x361 Core/Src/stm32f4xx_it.o
 .debug_macro   0x0001f735      0x243 Core/Src/syscalls.o
 .debug_macro   0x0001f978      0x174 Core/Src/syscalls.o
 .debug_macro   0x0001faec       0x10 Core/Src/syscalls.o
 .debug_macro   0x0001fafc       0x10 Core/Src/syscalls.o
 .debug_macro   0x0001fb0c       0x10 Core/Src/syscalls.o
 .debug_macro   0x0001fb1c       0x35 Core/Src/syscalls.o
 .debug_macro   0x0001fb51      0x122 Core/Src/syscalls.o
 .debug_macro   0x0001fc73       0x16 Core/Src/syscalls.o
 .debug_macro   0x0001fc89       0x16 Core/Src/syscalls.o
 .debug_macro   0x0001fc9f       0x29 Core/Src/syscalls.o
 .debug_macro   0x0001fcc8       0x10 Core/Src/syscalls.o
 .debug_macro   0x0001fcd8      0x241 Core/Src/syscalls.o
 .debug_macro   0x0001ff19       0x1c Core/Src/syscalls.o
 .debug_macro   0x0001ff35       0x10 Core/Src/syscalls.o
 .debug_macro   0x0001ff45      0x189 Core/Src/syscalls.o
 .debug_macro   0x000200ce       0x16 Core/Src/syscalls.o
 .debug_macro   0x000200e4       0x88 Core/Src/syscalls.o
 .debug_macro   0x0002016c      0x1c4 Core/Src/system_stm32f4xx.o
 .debug_macro   0x00020330       0x8e Core/Src/system_stm32f4xx.o
 .debug_macro   0x000203be       0x51 Core/Src/system_stm32f4xx.o
 .debug_macro   0x0002040f       0xdf Core/Src/system_stm32f4xx.o
 .debug_macro   0x000204ee       0x5c Core/Src/system_stm32f4xx.o
 .debug_macro   0x0002054a      0x224 Drivers/STM32F4xx_HAL_Driver/Src/stm32f4xx_hal.o
 .debug_macro   0x0002076e      0x1c4 Drivers/STM32F4xx_HAL_Driver/Src/stm32f4xx_hal_cortex.o
 .debug_macro   0x00020932      0x1c4 Drivers/STM32F4xx_HAL_Driver/Src/stm32f4xx_hal_crc.o
 .debug_macro   0x00020af6      0x1ca Drivers/STM32F4xx_HAL_Driver/Src/stm32f4xx_hal_flash.o
 .debug_macro   0x00020cc0      0x1ca Drivers/STM32F4xx_HAL_Driver/Src/stm32f4xx_hal_flash_ex.o
 .debug_macro   0x00020e8a      0x1ca Drivers/STM32F4xx_HAL_Driver/Src/stm32f4xx_hal_gpio.o
 .debug_macro   0x00021054      0x1e8 Drivers/STM32F4xx_HAL_Driver/Src/stm32f4xx_hal_rcc.o
 .debug_macro   0x0002123c      0x1c5 Drivers/STM32F4xx_HAL_Driver/Src/stm32f4xx_hal_uart.o

.debug_line     0x00000000     0x8d23
 .debug_line    0x00000000      0xc5b Core/Src/main.o
 .debug_line    0x00000c5b      0x962 Core/Src/stm32f4xx_hal_msp.o
 .debug_line    0x000015bd      0x98d Core/Src/stm32f4xx_it.o
 .debug_line    0x00001f4a      0x5d6 Core/Src/syscalls.o
 .debug_line    0x00002520      0x7d2 Core/Src/system_stm32f4xx.o
 .debug_line    0x00002cf2      0x9b0 Drivers/STM32F4xx_HAL_Driver/Src/stm32f4xx_hal.o
 .debug_line    0x000036a2      0xa02 Drivers/STM32F4xx_HAL_Driver/Src/stm32f4xx_hal_cortex.o
 .debug_line    0x000040a4      0x87b Drivers/STM32F4xx_HAL_Driver/Src/stm32f4xx_hal_crc.o
 .debug_line    0x0000491f      0x9b2 Drivers/STM32F4xx_HAL_Driver/Src/stm32f4xx_hal_flash.o
 .debug_line    0x000052d1      0x98b Drivers/STM32F4xx_HAL_Driver/Src/stm32f4xx_hal_flash_ex.o
 .debug_line    0x00005c5c      0x92e Drivers/STM32F4xx_HAL_Driver/Src/stm32f4xx_hal_gpio.o
 .debug_line    0x0000658a      0xa40 Drivers/STM32F4xx_HAL_Driver/Src/stm32f4xx_hal_rcc.o
 .debug_line    0x00006fca     0x1cd8 Drivers/STM32F4xx_HAL_Driver/Src/stm32f4xx_hal_uart.o
 .debug_line    0x00008ca2       0x81 startup/startup_stm32f407xx.o

.debug_str      0x00000000    0xc43c1
 .debug_str     0x00000000    0xc1377 Core/Src/main.o
                              0xc1733 (size before relaxing)
 .debug_str     0x000c1377       0xa5 Core/Src/stm32f4xx_hal_msp.o
                              0xc0f3d (size before relaxing)
 .debug_str     0x000c141c       0xc9 Core/Src/stm32f4xx_it.o
                              0xc0916 (size before relaxing)
 .debug_str     0x000c14e5     0x121c Core/Src/syscalls.o
                               0x85d3 (size before relaxing)
 .debug_str     0x000c2701       0xc4 Core/Src/system_stm32f4xx.o
                              0xbc8d4 (size before relaxing)
 .debug_str     0x000c27c5      0xa36 Drivers/STM32F4xx_HAL_Driver/Src/stm32f4xx_hal.o
                              0xbd3fb (size before relaxing)
 .debug_str     0x000c31fb      0x34d Drivers/STM32F4xx_HAL_Driver/Src/stm32f4xx_hal_cortex.o
                              0xbd1a5 (size before relaxing)
 .debug_str     0x000c3548       0x82 Drivers/STM32F4xx_HAL_Driver/Src/stm32f4xx_hal_crc.o
                              0xbc92e (size before relaxing)
 .debug_str     0x000c35ca      0x29c Drivers/STM32F4xx_HAL_Driver/Src/stm32f4xx_hal_flash.o
                              0xbcaf0 (size before relaxing)
 .debug_str     0x000c3866      0x1d1 Drivers/STM32F4xx_HAL_Driver/Src/stm32f4xx_hal_flash_ex.o
                              0xbcb40 (size before relaxing)
 .debug_str     0x000c3a37      0x119 Drivers/STM32F4xx_HAL_Driver/Src/stm32f4xx_hal_gpio.o
                              0xbca7b (size before relaxing)
 .debug_str     0x000c3b50      0x228 Drivers/STM32F4xx_HAL_Driver/Src/stm32f4xx_hal_rcc.o
                              0xbccfd (size before relaxing)
 .debug_str     0x000c3d78      0x61a Drivers/STM32F4xx_HAL_Driver/Src/stm32f4xx_hal_uart.o
                              0xbd2d3 (size before relaxing)
 .debug_str     0x000c4392       0x2f startup/startup_stm32f407xx.o
                                 0x93 (size before relaxing)

.comment        0x00000000       0x7f
 .comment       0x00000000       0x7f Core/Src/main.o
                                 0x80 (size before relaxing)
 .comment       0x0000007f       0x80 Core/Src/stm32f4xx_hal_msp.o
 .comment       0x0000007f       0x80 Core/Src/stm32f4xx_it.o
 .comment       0x0000007f       0x80 Core/Src/syscalls.o
 .comment       0x0000007f       0x80 Core/Src/system_stm32f4xx.o
 .comment       0x0000007f       0x80 Drivers/STM32F4xx_HAL_Driver/Src/stm32f4xx_hal.o
 .comment       0x0000007f       0x80 Drivers/STM32F4xx_HAL_Driver/Src/stm32f4xx_hal_cortex.o
 .comment       0x0000007f       0x80 Drivers/STM32F4xx_HAL_Driver/Src/stm32f4xx_hal_crc.o
 .comment       0x0000007f       0x80 Drivers/STM32F4xx_HAL_Driver/Src/stm32f4xx_hal_flash.o
 .comment       0x0000007f       0x80 Drivers/STM32F4xx_HAL_Driver/Src/stm32f4xx_hal_flash_ex.o
 .comment       0x0000007f       0x80 Drivers/STM32F4xx_HAL_Driver/Src/stm32f4xx_hal_gpio.o
 .comment       0x0000007f       0x80 Drivers/STM32F4xx_HAL_Driver/Src/stm32f4xx_hal_rcc.o
 .comment       0x0000007f       0x80 Drivers/STM32F4xx_HAL_Driver/Src/stm32f4xx_hal_uart.o

.debug_frame    0x00000000     0x1908
 .debug_frame   0x00000000      0x33c Core/Src/main.o
 .debug_frame   0x0000033c       0x8c Core/Src/stm32f4xx_hal_msp.o
 .debug_frame   0x000003c8       0xa8 Core/Src/stm32f4xx_it.o
 .debug_frame   0x00000470      0x1a8 Core/Src/syscalls.o
 .debug_frame   0x00000618       0x30 Core/Src/system_stm32f4xx.o
 .debug_frame   0x00000648      0x1ec Drivers/STM32F4xx_HAL_Driver/Src/stm32f4xx_hal.o
 .debug_frame   0x00000834      0x15c Drivers/STM32F4xx_HAL_Driver/Src/stm32f4xx_hal_cortex.o
 .debug_frame   0x00000990       0xc4 Drivers/STM32F4xx_HAL_Driver/Src/stm32f4xx_hal_crc.o
 .debug_frame   0x00000a54      0x164 Drivers/STM32F4xx_HAL_Driver/Src/stm32f4xx_hal_flash.o
 .debug_frame   0x00000bb8      0x16c Drivers/STM32F4xx_HAL_Driver/Src/stm32f4xx_hal_flash_ex.o
 .debug_frame   0x00000d24       0xd8 Drivers/STM32F4xx_HAL_Driver/Src/stm32f4xx_hal_gpio.o
 .debug_frame   0x00000dfc      0x184 Drivers/STM32F4xx_HAL_Driver/Src/stm32f4xx_hal_rcc.o
 .debug_frame   0x00000f80      0x5c8 Drivers/STM32F4xx_HAL_Driver/Src/stm32f4xx_hal_uart.o
 .debug_frame   0x00001548       0x2c c:/ac6/systemworkbench/plugins/fr.ac6.mcu.externaltools.arm-none.win32_1.17.0.201812190825/tools/compiler/bin/../lib/gcc/arm-none-eabi/7.3.1/thumb/v7e-m/fpv4-sp/hard\libgcc.a(_aeabi_uldivmod.o)
 .debug_frame   0x00001574       0x34 c:/ac6/systemworkbench/plugins/fr.ac6.mcu.externaltools.arm-none.win32_1.17.0.201812190825/tools/compiler/bin/../lib/gcc/arm-none-eabi/7.3.1/thumb/v7e-m/fpv4-sp/hard\libgcc.a(_udivmoddi4.o)
 .debug_frame   0x000015a8       0x20 c:/ac6/systemworkbench/plugins/fr.ac6.mcu.externaltools.arm-none.win32_1.17.0.201812190825/tools/compiler/bin/../lib/gcc/arm-none-eabi/7.3.1/../../../../arm-none-eabi/lib/thumb/v7e-m/fpv4-sp/hard\libc_nano.a(lib_a-errno.o)
 .debug_frame   0x000015c8       0x2c c:/ac6/systemworkbench/plugins/fr.ac6.mcu.externaltools.arm-none.win32_1.17.0.201812190825/tools/compiler/bin/../lib/gcc/arm-none-eabi/7.3.1/../../../../arm-none-eabi/lib/thumb/v7e-m/fpv4-sp/hard\libc_nano.a(lib_a-init.o)
 .debug_frame   0x000015f4       0x20 c:/ac6/systemworkbench/plugins/fr.ac6.mcu.externaltools.arm-none.win32_1.17.0.201812190825/tools/compiler/bin/../lib/gcc/arm-none-eabi/7.3.1/../../../../arm-none-eabi/lib/thumb/v7e-m/fpv4-sp/hard\libc_nano.a(lib_a-memset.o)
 .debug_frame   0x00001614       0x3c c:/ac6/systemworkbench/plugins/fr.ac6.mcu.externaltools.arm-none.win32_1.17.0.201812190825/tools/compiler/bin/../lib/gcc/arm-none-eabi/7.3.1/../../../../arm-none-eabi/lib/thumb/v7e-m/fpv4-sp/hard\libc_nano.a(lib_a-vsprintf.o)
 .debug_frame   0x00001650       0x90 c:/ac6/systemworkbench/plugins/fr.ac6.mcu.externaltools.arm-none.win32_1.17.0.201812190825/tools/compiler/bin/../lib/gcc/arm-none-eabi/7.3.1/../../../../arm-none-eabi/lib/thumb/v7e-m/fpv4-sp/hard\libc_nano.a(lib_a-nano-svfprintf.o)
 .debug_frame   0x000016e0       0x60 c:/ac6/systemworkbench/plugins/fr.ac6.mcu.externaltools.arm-none.win32_1.17.0.201812190825/tools/compiler/bin/../lib/gcc/arm-none-eabi/7.3.1/../../../../arm-none-eabi/lib/thumb/v7e-m/fpv4-sp/hard\libc_nano.a(lib_a-nano-vfprintf_i.o)
 .debug_frame   0x00001740       0x28 c:/ac6/systemworkbench/plugins/fr.ac6.mcu.externaltools.arm-none.win32_1.17.0.201812190825/tools/compiler/bin/../lib/gcc/arm-none-eabi/7.3.1/../../../../arm-none-eabi/lib/thumb/v7e-m/fpv4-sp/hard\libc_nano.a(lib_a-memcpy-stub.o)
 .debug_frame   0x00001768       0x28 c:/ac6/systemworkbench/plugins/fr.ac6.mcu.externaltools.arm-none.win32_1.17.0.201812190825/tools/compiler/bin/../lib/gcc/arm-none-eabi/7.3.1/../../../../arm-none-eabi/lib/thumb/v7e-m/fpv4-sp/hard\libc_nano.a(lib_a-memmove.o)
 .debug_frame   0x00001790       0x38 c:/ac6/systemworkbench/plugins/fr.ac6.mcu.externaltools.arm-none.win32_1.17.0.201812190825/tools/compiler/bin/../lib/gcc/arm-none-eabi/7.3.1/../../../../arm-none-eabi/lib/thumb/v7e-m/fpv4-sp/hard\libc_nano.a(lib_a-nano-freer.o)
 .debug_frame   0x000017c8       0x2c c:/ac6/systemworkbench/plugins/fr.ac6.mcu.externaltools.arm-none.win32_1.17.0.201812190825/tools/compiler/bin/../lib/gcc/arm-none-eabi/7.3.1/../../../../arm-none-eabi/lib/thumb/v7e-m/fpv4-sp/hard\libc_nano.a(lib_a-nano-mallocr.o)
 .debug_frame   0x000017f4       0x3c c:/ac6/systemworkbench/plugins/fr.ac6.mcu.externaltools.arm-none.win32_1.17.0.201812190825/tools/compiler/bin/../lib/gcc/arm-none-eabi/7.3.1/../../../../arm-none-eabi/lib/thumb/v7e-m/fpv4-sp/hard\libc_nano.a(lib_a-nano-reallocr.o)
 .debug_frame   0x00001830       0x2c c:/ac6/systemworkbench/plugins/fr.ac6.mcu.externaltools.arm-none.win32_1.17.0.201812190825/tools/compiler/bin/../lib/gcc/arm-none-eabi/7.3.1/../../../../arm-none-eabi/lib/thumb/v7e-m/fpv4-sp/hard\libc_nano.a(lib_a-sbrkr.o)
 .debug_frame   0x0000185c       0x30 c:/ac6/systemworkbench/plugins/fr.ac6.mcu.externaltools.arm-none.win32_1.17.0.201812190825/tools/compiler/bin/../lib/gcc/arm-none-eabi/7.3.1/../../../../arm-none-eabi/lib/thumb/v7e-m/fpv4-sp/hard\libc_nano.a(lib_a-mlock.o)
 .debug_frame   0x0000188c       0x20 c:/ac6/systemworkbench/plugins/fr.ac6.mcu.externaltools.arm-none.win32_1.17.0.201812190825/tools/compiler/bin/../lib/gcc/arm-none-eabi/7.3.1/../../../../arm-none-eabi/lib/thumb/v7e-m/fpv4-sp/hard\libc_nano.a(lib_a-nano-msizer.o)
 .debug_frame   0x000018ac       0x5c c:/ac6/systemworkbench/plugins/fr.ac6.mcu.externaltools.arm-none.win32_1.17.0.201812190825/tools/compiler/bin/../lib/gcc/arm-none-eabi/7.3.1/../../../../arm-none-eabi/lib/thumb/v7e-m/fpv4-sp/hard\libc_nano.a(lib_a-reent.o)
